Archive member included to satisfy reference by file (symbol)

D:/Progs/STM32CubeIDE_2.2.0/STM32CubeIDE/plugins/com.st.stm32cube.ide.mcu.externaltools.gnu-tools-for-stm32.14.3.rel1.win32_1.0.100.202602081740/tools/bin/../lib/gcc/arm-none-eabi/14.3.1/../../../../arm-none-eabi/lib/thumb/v7-m/nofp\libc_nano.a(libc_a-exit.o)
                              D:/Progs/STM32CubeIDE_2.2.0/STM32CubeIDE/plugins/com.st.stm32cube.ide.mcu.externaltools.gnu-tools-for-stm32.14.3.rel1.win32_1.0.100.202602081740/tools/bin/../lib/gcc/arm-none-eabi/14.3.1/../../../../arm-none-eabi/lib/thumb/v7-m/nofp/crt0.o (exit)
D:/Progs/STM32CubeIDE_2.2.0/STM32CubeIDE/plugins/com.st.stm32cube.ide.mcu.externaltools.gnu-tools-for-stm32.14.3.rel1.win32_1.0.100.202602081740/tools/bin/../lib/gcc/arm-none-eabi/14.3.1/../../../../arm-none-eabi/lib/thumb/v7-m/nofp\libc_nano.a(libc_a-findfp.o)
                              D:/Progs/STM32CubeIDE_2.2.0/STM32CubeIDE/plugins/com.st.stm32cube.ide.mcu.externaltools.gnu-tools-for-stm32.14.3.rel1.win32_1.0.100.202602081740/tools/bin/../lib/gcc/arm-none-eabi/14.3.1/../../../../arm-none-eabi/lib/thumb/v7-m/nofp\libc_nano.a(libc_a-exit.o) (__stdio_exit_handler)
D:/Progs/STM32CubeIDE_2.2.0/STM32CubeIDE/plugins/com.st.stm32cube.ide.mcu.externaltools.gnu-tools-for-stm32.14.3.rel1.win32_1.0.100.202602081740/tools/bin/../lib/gcc/arm-none-eabi/14.3.1/../../../../arm-none-eabi/lib/thumb/v7-m/nofp\libc_nano.a(libc_a-fwalk.o)
                              D:/Progs/STM32CubeIDE_2.2.0/STM32CubeIDE/plugins/com.st.stm32cube.ide.mcu.externaltools.gnu-tools-for-stm32.14.3.rel1.win32_1.0.100.202602081740/tools/bin/../lib/gcc/arm-none-eabi/14.3.1/../../../../arm-none-eabi/lib/thumb/v7-m/nofp\libc_nano.a(libc_a-findfp.o) (_fwalk_sglue)
D:/Progs/STM32CubeIDE_2.2.0/STM32CubeIDE/plugins/com.st.stm32cube.ide.mcu.externaltools.gnu-tools-for-stm32.14.3.rel1.win32_1.0.100.202602081740/tools/bin/../lib/gcc/arm-none-eabi/14.3.1/../../../../arm-none-eabi/lib/thumb/v7-m/nofp\libc_nano.a(libc_a-stdio.o)
                              D:/Progs/STM32CubeIDE_2.2.0/STM32CubeIDE/plugins/com.st.stm32cube.ide.mcu.externaltools.gnu-tools-for-stm32.14.3.rel1.win32_1.0.100.202602081740/tools/bin/../lib/gcc/arm-none-eabi/14.3.1/../../../../arm-none-eabi/lib/thumb/v7-m/nofp\libc_nano.a(libc_a-findfp.o) (__sread)
D:/Progs/STM32CubeIDE_2.2.0/STM32CubeIDE/plugins/com.st.stm32cube.ide.mcu.externaltools.gnu-tools-for-stm32.14.3.rel1.win32_1.0.100.202602081740/tools/bin/../lib/gcc/arm-none-eabi/14.3.1/../../../../arm-none-eabi/lib/thumb/v7-m/nofp\libc_nano.a(libc_a-memset.o)
                              D:/Progs/STM32CubeIDE_2.2.0/STM32CubeIDE/plugins/com.st.stm32cube.ide.mcu.externaltools.gnu-tools-for-stm32.14.3.rel1.win32_1.0.100.202602081740/tools/bin/../lib/gcc/arm-none-eabi/14.3.1/../../../../arm-none-eabi/lib/thumb/v7-m/nofp/crt0.o (memset)
D:/Progs/STM32CubeIDE_2.2.0/STM32CubeIDE/plugins/com.st.stm32cube.ide.mcu.externaltools.gnu-tools-for-stm32.14.3.rel1.win32_1.0.100.202602081740/tools/bin/../lib/gcc/arm-none-eabi/14.3.1/../../../../arm-none-eabi/lib/thumb/v7-m/nofp\libc_nano.a(libc_a-closer.o)
                              D:/Progs/STM32CubeIDE_2.2.0/STM32CubeIDE/plugins/com.st.stm32cube.ide.mcu.externaltools.gnu-tools-for-stm32.14.3.rel1.win32_1.0.100.202602081740/tools/bin/../lib/gcc/arm-none-eabi/14.3.1/../../../../arm-none-eabi/lib/thumb/v7-m/nofp\libc_nano.a(libc_a-stdio.o) (_close_r)
D:/Progs/STM32CubeIDE_2.2.0/STM32CubeIDE/plugins/com.st.stm32cube.ide.mcu.externaltools.gnu-tools-for-stm32.14.3.rel1.win32_1.0.100.202602081740/tools/bin/../lib/gcc/arm-none-eabi/14.3.1/../../../../arm-none-eabi/lib/thumb/v7-m/nofp\libc_nano.a(libc_a-reent.o)
                              D:/Progs/STM32CubeIDE_2.2.0/STM32CubeIDE/plugins/com.st.stm32cube.ide.mcu.externaltools.gnu-tools-for-stm32.14.3.rel1.win32_1.0.100.202602081740/tools/bin/../lib/gcc/arm-none-eabi/14.3.1/../../../../arm-none-eabi/lib/thumb/v7-m/nofp\libc_nano.a(libc_a-closer.o) (errno)
D:/Progs/STM32CubeIDE_2.2.0/STM32CubeIDE/plugins/com.st.stm32cube.ide.mcu.externaltools.gnu-tools-for-stm32.14.3.rel1.win32_1.0.100.202602081740/tools/bin/../lib/gcc/arm-none-eabi/14.3.1/../../../../arm-none-eabi/lib/thumb/v7-m/nofp\libc_nano.a(libc_a-impure.o)
                              D:/Progs/STM32CubeIDE_2.2.0/STM32CubeIDE/plugins/com.st.stm32cube.ide.mcu.externaltools.gnu-tools-for-stm32.14.3.rel1.win32_1.0.100.202602081740/tools/bin/../lib/gcc/arm-none-eabi/14.3.1/../../../../arm-none-eabi/lib/thumb/v7-m/nofp\libc_nano.a(libc_a-reent.o) (_impure_ptr)
D:/Progs/STM32CubeIDE_2.2.0/STM32CubeIDE/plugins/com.st.stm32cube.ide.mcu.externaltools.gnu-tools-for-stm32.14.3.rel1.win32_1.0.100.202602081740/tools/bin/../lib/gcc/arm-none-eabi/14.3.1/../../../../arm-none-eabi/lib/thumb/v7-m/nofp\libc_nano.a(libc_a-lseekr.o)
[...]
Memory Configuration

Name             Origin             Length             Attributes
RAM              0x20000000         0x00018000         xrw
FLASH            0x08000000         0x00100000         xr
*default*        0x00000000         0xffffffff

Linker script and memory map

LOAD D:/Progs/STM32CubeIDE_2.2.0/STM32CubeIDE/plugins/com.st.stm32cube.ide.mcu.externaltools.gnu-tools-for-stm32.14.3.rel1.win32_1.0.100.202602081740/tools/bin/../lib/gcc/arm-none-eabi/14.3.1/thumb/v7-m/nofp/crti.o
LOAD D:/Progs/STM32CubeIDE_2.2.0/STM32CubeIDE/plugins/com.st.stm32cube.ide.mcu.externaltools.gnu-tools-for-stm32.14.3.rel1.win32_1.0.100.202602081740/tools/bin/../lib/gcc/arm-none-eabi/14.3.1/thumb/v7-m/nofp/crtbegin.o
LOAD D:/Progs/STM32CubeIDE_2.2.0/STM32CubeIDE/plugins/com.st.stm32cube.ide.mcu.externaltools.gnu-tools-for-stm32.14.3.rel1.win32_1.0.100.202602081740/tools/bin/../lib/gcc/arm-none-eabi/14.3.1/../../../../arm-none-eabi/lib/thumb/v7-m/nofp/crt0.o
LOAD ./Core/Src/freertos.o
LOAD ./Core/Src/main.o
LOAD ./Core/Src/stm32f1xx_hal_msp.o
LOAD ./Core/Src/stm32f1xx_it.o
LOAD ./Core/Src/syscalls.o
LOAD ./Core/Src/sysmem.o
LOAD ./Core/Src/system_stm32f1xx.o
LOAD ./Core/Startup/startup_stm32f103rgtx.o
LOAD ./Core/lib/DS18B20.o
LOAD ./Core/lib/DriverLib.o
LOAD ./Core/lib/LCD2004.o
LOAD ./Core/lib/SD.o
LOAD ./Drivers/STM32F1xx_HAL_Driver/Src/stm32f1xx_hal.o
LOAD ./Drivers/STM32F1xx_HAL_Driver/Src/stm32f1xx_hal_cortex.o
LOAD ./Drivers/STM32F1xx_HAL_Driver/Src/stm32f1xx_hal_dma.o
LOAD ./Drivers/STM32F1xx_HAL_Driver/Src/stm32f1xx_hal_exti.o
LOAD ./Drivers/STM32F1xx_HAL_Driver/Src/stm32f1xx_hal_flash.o
LOAD ./Drivers/STM32F1xx_HAL_Driver/Src/stm32f1xx_hal_flash_ex.o
LOAD ./Drivers/STM32F1xx_HAL_Driver/Src/stm32f1xx_hal_gpio.o
LOAD ./Drivers/STM32F1xx_HAL_Driver/Src/stm32f1xx_hal_gpio_ex.o
LOAD ./Drivers/STM32F1xx_HAL_Driver/Src/stm32f1xx_hal_i2c.o
LOAD ./Drivers/STM32F1xx_HAL_Driver/Src/stm32f1xx_hal_pwr.o
LOAD ./Drivers/STM32F1xx_HAL_Driver/Src/stm32f1xx_hal_rcc.o
LOAD ./Drivers/STM32F1xx_HAL_Driver/Src/stm32f1xx_hal_rcc_ex.o
LOAD ./Drivers/STM32F1xx_HAL_Driver/Src/stm32f1xx_hal_spi.o
LOAD ./Drivers/STM32F1xx_HAL_Driver/Src/stm32f1xx_hal_tim.o
LOAD ./Drivers/STM32F1xx_HAL_Driver/Src/stm32f1xx_hal_tim_ex.o
LOAD ./Drivers/STM32F1xx_HAL_Driver/Src/stm32f1xx_hal_uart.o
LOAD ./FATFS/App/fatfs.o
LOAD ./FATFS/Target/user_diskio.o
LOAD ./Middlewares/Third_Party/FatFs/src/diskio.o
LOAD ./Middlewares/Third_Party/FatFs/src/ff.o
LOAD ./Middlewares/Third_Party/FatFs/src/ff_gen_drv.o
LOAD ./Middlewares/Third_Party/FatFs/src/option/syscall.o
LOAD ./Middlewares/Third_Party/FreeRTOS/Source/CMSIS_RTOS/cmsis_os.o
LOAD ./Middlewares/Third_Party/FreeRTOS/Source/croutine.o
LOAD ./Middlewares/Third_Party/FreeRTOS/Source/event_groups.o
LOAD ./Middlewares/Third_Party/FreeRTOS/Source/list.o
LOAD ./Middlewares/Third_Party/FreeRTOS/Source/queue.o
LOAD ./Middlewares/Third_Party/FreeRTOS/Source/stream_buffer.o
LOAD ./Middlewares/Third_Party/FreeRTOS/Source/tasks.o
LOAD ./Middlewares/Third_Party/FreeRTOS/Source/timers.o
LOAD ./Middlewares/Third_Party/FreeRTOS/Source/portable/GCC/ARM_CM3/port.o
LOAD ./Middlewares/Third_Party/FreeRTOS/Source/portable/MemMang/heap_4.o
START GROUP
LOAD D:/Progs/STM32CubeIDE_2.2.0/STM32CubeIDE/plugins/com.st.stm32cube.ide.mcu.externaltools.gnu-tools-for-stm32.14.3.rel1.win32_1.0.100.202602081740/tools/bin/../lib/gcc/arm-none-eabi/14.3.1/../../../../arm-none-eabi/lib/thumb/v7-m/nofp\libc_nano.a
LOAD D:/Progs/STM32CubeIDE_2.2.0/STM32CubeIDE/plugins/com.st.stm32cube.ide.mcu.externaltools.gnu-tools-for-stm32.14.3.rel1.win32_1.0.100.202602081740/tools/bin/../lib/gcc/arm-none-eabi/14.3.1/../../../../arm-none-eabi/lib/thumb/v7-m/nofp\libm.a
END GROUP
START GROUP
LOAD D:/Progs/STM32CubeIDE_2.2.0/STM32CubeIDE/plugins/com.st.stm32cube.ide.mcu.externaltools.gnu-tools-for-stm32.14.3.rel1.win32_1.0.100.202602081740/tools/bin/../lib/gcc/arm-none-eabi/14.3.1/thumb/v7-m/nofp\libgcc.a
LOAD D:/Progs/STM32CubeIDE_2.2.0/STM32CubeIDE/plugins/com.st.stm32cube.ide.mcu.externaltools.gnu-tools-for-stm32.14.3.rel1.win32_1.0.100.202602081740/tools/bin/../lib/gcc/arm-none-eabi/14.3.1/../../../../arm-none-eabi/lib/thumb/v7-m/nofp\libc_nano.a
END GROUP
START GROUP
LOAD D:/Progs/STM32CubeIDE_2.2.0/STM32CubeIDE/plugins/com.st.stm32cube.ide.mcu.externaltools.gnu-tools-for-stm32.14.3.rel1.win32_1.0.100.202602081740/tools/bin/../lib/gcc/arm-none-eabi/14.3.1/thumb/v7-m/nofp\libgcc.a
LOAD D:/Progs/STM32CubeIDE_2.2.0/STM32CubeIDE/plugins/com.st.stm32cube.ide.mcu.externaltools.gnu-tools-for-stm32.14.3.rel1.win32_1.0.100.202602081740/tools/bin/../lib/gcc/arm-none-eabi/14.3.1/../../../../arm-none-eabi/lib/thumb/v7-m/nofp\libc_nano.a
LOAD D:/Progs/STM32CubeIDE_2.2.0/STM32CubeIDE/plugins/com.st.stm32cube.ide.mcu.externaltools.gnu-tools-for-stm32.14.3.rel1.win32_1.0.100.202602081740/tools/bin/../lib/gcc/arm-none-eabi/14.3.1/../../../../arm-none-eabi/lib/thumb/v7-m/nofp\libnosys.a
END GROUP
START GROUP
LOAD D:/Progs/STM32CubeIDE_2.2.0/STM32CubeIDE/plugins/com.st.stm32cube.ide.mcu.externaltools.gnu-tools-for-stm32.14.3.rel1.win32_1.0.100.202602081740/tools/bin/../lib/gcc/arm-none-eabi/14.3.1/thumb/v7-m/nofp\libgcc.a
LOAD D:/Progs/STM32CubeIDE_2.2.0/STM32CubeIDE/plugins/com.st.stm32cube.ide.mcu.externaltools.gnu-tools-for-stm32.14.3.rel1.win32_1.0.100.202602081740/tools/bin/../lib/gcc/arm-none-eabi/14.3.1/../../../../arm-none-eabi/lib/thumb/v7-m/nofp\libc_nano.a
LOAD D:/Progs/STM32CubeIDE_2.2.0/STM32CubeIDE/plugins/com.st.stm32cube.ide.mcu.externaltools.gnu-tools-for-stm32.14.3.rel1.win32_1.0.100.202602081740/tools/bin/../lib/gcc/arm-none-eabi/14.3.1/../../../../arm-none-eabi/lib/thumb/v7-m/nofp\libnosys.a
END GROUP
LOAD D:/Progs/STM32CubeIDE_2.2.0/STM32CubeIDE/plugins/com.st.stm32cube.ide.mcu.externaltools.gnu-tools-for-stm32.14.3.rel1.win32_1.0.100.202602081740/tools/bin/../lib/gcc/arm-none-eabi/14.3.1/thumb/v7-m/nofp/crtend.o
LOAD D:/Progs/STM32CubeIDE_2.2.0/STM32CubeIDE/plugins/com.st.stm32cube.ide.mcu.externaltools.gnu-tools-for-stm32.14.3.rel1.win32_1.0.100.202602081740/tools/bin/../lib/gcc/arm-none-eabi/14.3.1/thumb/v7-m/nofp/crtn.o
                0x20018000                        _estack = (ORIGIN (RAM) + LENGTH (RAM))
                0x00000200                        _Min_Heap_Size = 0x200
                0x00000400                        _Min_Stack_Size = 0x400

.isr_vector     0x08000000      0x1e4
                0x08000000                        . = ALIGN (0x4)
 *(.isr_vector)
 .isr_vector    0x08000000      0x1e4 ./Core/Startup/startup_stm32f103rgtx.o
                0x08000000                g_pfnVectors
                0x080001e4                        . = ALIGN (0x4)

.text           0x080001f0     0x5c8c
                0x080001f0                        . = ALIGN (0x4)
 *(.text)
 .text          0x080001f0       0x40 D:/Progs/STM32CubeIDE_2.2.0/STM32CubeIDE/plugins/com.st.stm32cube.ide.mcu.externaltools.gnu-tools-for-stm32.14.3.rel1.win32_1.0.100.202602081740/tools/bin/../lib/gcc/arm-none-eabi/14.3.1/thumb/v7-m/nofp/crtbegin.o
 .text          0x08000230      0x378 D:/Progs/STM32CubeIDE_2.2.0/STM32CubeIDE/plugins/com.st.stm32cube.ide.mcu.externaltools.gnu-tools-for-stm32.14.3.rel1.win32_1.0.100.202602081740/tools/bin/../lib/gcc/arm-none-eabi/14.3.1/thumb/v7-m/nofp\libgcc.a(_arm_addsubdf3.o)
                0x08000230                __aeabi_drsub
                0x08000238                __aeabi_dsub
                0x08000238                __subdf3
                0x0800023c                __aeabi_dadd
                0x0800023c                __adddf3
                0x080004b4                __floatunsidf
                0x080004b4                __aeabi_ui2d
                0x080004d4                __floatsidf
                0x080004d4                __aeabi_i2d
                0x080004f8                __aeabi_f2d
                0x080004f8                __extendsfdf2
                0x0800053c                __floatundidf
                0x0800053c                __aeabi_ul2d
                0x0800054c                __floatdidf
                0x0800054c                __aeabi_l2d
 .text          0x080005a8      0x110 D:/Progs/STM32CubeIDE_2.2.0/STM32CubeIDE/plugins/com.st.stm32cube.ide.mcu.externaltools.gnu-tools-for-stm32.14.3.rel1.win32_1.0.100.202602081740/tools/bin/../lib/gcc/arm-none-eabi/14.3.1/thumb/v7-m/nofp\libgcc.a(_arm_cmpdf2.o)
                0x080005a8                __gtdf2
                0x080005a8                __gedf2
                0x080005b0                __ltdf2
                0x080005b0                __ledf2
                0x080005b8                __nedf2
                0x080005b8                __eqdf2
                0x080005b8                __cmpdf2
                0x08000634                __aeabi_cdrcmple
                0x08000644                __aeabi_cdcmpeq
                0x08000644                __aeabi_cdcmple
                0x08000654                __aeabi_dcmpeq
                0x08000668                __aeabi_dcmplt
                0x0800067c                __aeabi_dcmple
                0x08000690                __aeabi_dcmpge
                0x080006a4                __aeabi_dcmpgt
 .text          0x080006b8       0xa0 D:/Progs/STM32CubeIDE_2.2.0/STM32CubeIDE/plugins/com.st.stm32cube.ide.mcu.externaltools.gnu-tools-for-stm32.14.3.rel1.win32_1.0.100.202602081740/tools/bin/../lib/gcc/arm-none-eabi/14.3.1/thumb/v7-m/nofp\libgcc.a(_arm_truncdfsf2.o)
                0x080006b8                __truncdfsf2
                0x080006b8                __aeabi_d2f
 .text          0x08000758       0xec D:/Progs/STM32CubeIDE_2.2.0/STM32CubeIDE/plugins/com.st.stm32cube.ide.mcu.externaltools.gnu-tools-for-stm32.14.3.rel1.win32_1.0.100.202602081740/tools/bin/../lib/gcc/arm-none-eabi/14.3.1/thumb/v7-m/nofp\libgcc.a(_arm_cmpsf2.o)
                0x08000758                __gesf2
                0x08000758                __gtsf2
                0x08000760                __lesf2
                0x08000760                __ltsf2
                0x08000768                __nesf2
                0x08000768                __eqsf2
                0x08000768                __cmpsf2
                0x080007c8                __aeabi_cfrcmple
                0x080007d0                __aeabi_cfcmpeq
                0x080007d0                __aeabi_cfcmple
                0x080007e0                __aeabi_fcmpeq
                0x080007f4                __aeabi_fcmplt
                0x08000808                __aeabi_fcmple
                0x0800081c                __aeabi_fcmpge
                0x08000830                __aeabi_fcmpgt
 *(.text*)
 .text.vApplicationGetIdleTaskMemory
                0x08000844       0x30 ./Core/Src/freertos.o
                0x08000844                vApplicationGetIdleTaskMemory
 .text.main     0x08000874      0x124 ./Core/Src/main.o
                0x08000874                main
 .text.SystemClock_Config
                0x08000998       0x8a ./Core/Src/main.o
                0x08000998                SystemClock_Config
 *fill*         0x08000a22        0x2 
 .text.MX_I2C1_Init
                0x08000a24       0x5c ./Core/Src/main.o
 .text.MX_SPI1_Init
                0x08000a80       0x6c ./Core/Src/main.o
 .text.MX_TIM14_Init
                0x08000aec       0x44 ./Core/Src/main.o
 .text.MX_USART1_UART_Init
                0x08000b30       0x54 ./Core/Src/main.o
 .text.MX_GPIO_Init
                0x08000b84      0x1c0 ./Core/Src/main.o
 .text.HAL_TIM_PeriodElapsedCallback
                0x08000d44       0x24 ./Core/Src/main.o
                0x08000d44                HAL_TIM_PeriodElapsedCallback
 .text.vApplicationIdleHook
                0x08000d68       0x20 ./Core/Src/main.o
                0x08000d68                vApplicationIdleHook
 .text.TASK_default
                0x08000d88        0xc ./Core/Src/main.o
                0x08000d88                TASK_default
 .text.TASK_table
                0x08000d94       0x20 ./Core/Src/main.o
                0x08000d94                TASK_table
 .text.TASK_display
                0x08000db4       0x24 ./Core/Src/main.o
                0x08000db4                TASK_display
 .text.TASK_control
                0x08000dd8       0x10 ./Core/Src/main.o
                0x08000dd8                TASK_control
 .text.Error_Handler
                0x08000de8        0xc ./Core/Src/main.o
                0x08000de8                Error_Handler
 .text.HAL_MspInit
                0x08000df4       0x70 ./Core/Src/stm32f1xx_hal_msp.o
                0x08000df4                HAL_MspInit
 .text.HAL_I2C_MspInit
                0x08000e64       0x7c ./Core/Src/stm32f1xx_hal_msp.o
                0x08000e64                HAL_I2C_MspInit
 .text.HAL_SPI_MspInit
                0x08000ee0       0x94 ./Core/Src/stm32f1xx_hal_msp.o
                0x08000ee0                HAL_SPI_MspInit
 .text.HAL_TIM_Base_MspInit
                0x08000f74       0x4c ./Core/Src/stm32f1xx_hal_msp.o
                0x08000f74                HAL_TIM_Base_MspInit
 .text.HAL_UART_MspInit
                0x08000fc0       0x98 ./Core/Src/stm32f1xx_hal_msp.o
                0x08000fc0                HAL_UART_MspInit
 .text.NMI_Handler
                0x08001058        0x8 ./Core/Src/stm32f1xx_it.o
                0x08001058                NMI_Handler
 .text.HardFault_Handler
                0x08001060        0x8 ./Core/Src/stm32f1xx_it.o
                0x08001060                HardFault_Handler
 .text.MemManage_Handler
                0x08001068        0x8 ./Core/Src/stm32f1xx_it.o
                0x08001068                MemManage_Handler
 .text.BusFault_Handler
                0x08001070        0x8 ./Core/Src/stm32f1xx_it.o
                0x08001070                BusFault_Handler
 .text.UsageFault_Handler
                0x08001078        0x8 ./Core/Src/stm32f1xx_it.o
                0x08001078                UsageFault_Handler
 .text.DebugMon_Handler
                0x08001080        0xc ./Core/Src/stm32f1xx_it.o
                0x08001080                DebugMon_Handler
 .text.SysTick_Handler
                0x0800108c       0x1a ./Core/Src/stm32f1xx_it.o
                0x0800108c                SysTick_Handler
 *fill*         0x080010a6        0x2 
 .text.TIM8_TRG_COM_TIM14_IRQHandler
                0x080010a8       0x14 ./Core/Src/stm32f1xx_it.o
                0x080010a8                TIM8_TRG_COM_TIM14_IRQHandler
 .text.SystemInit
                0x080010bc        0xc ./Core/Src/system_stm32f1xx.o
                0x080010bc                SystemInit
 .text.Reset_Handler
                0x080010c8       0x48 ./Core/Startup/startup_stm32f103rgtx.o
                0x080010c8                Reset_Handler
 .text.Default_Handler
                0x08001110        0x2 ./Core/Startup/startup_stm32f103rgtx.o
                0x08001110                RTC_Alarm_IRQHandler
                0x08001110                EXTI2_IRQHandler
                0x08001110                TIM8_CC_IRQHandler
                0x08001110                TIM1_CC_IRQHandler
                0x08001110                TIM6_IRQHandler
                0x08001110                PVD_IRQHandler
                0x08001110                SDIO_IRQHandler
                0x08001110                EXTI3_IRQHandler
                0x08001110                TIM1_UP_TIM10_IRQHandler
                0x08001110                TIM8_UP_TIM13_IRQHandler
                0x08001110                EXTI0_IRQHandler
                0x08001110                I2C2_EV_IRQHandler
                0x08001110                ADC1_2_IRQHandler
                0x08001110                SPI1_IRQHandler
                0x08001110                TAMPER_IRQHandler
                0x08001110                TIM1_BRK_TIM9_IRQHandler
                0x08001110                DMA2_Channel2_IRQHandler
                0x08001110                DMA1_Channel4_IRQHandler
                0x08001110                USART3_IRQHandler
                0x08001110                RTC_IRQHandler
                0x08001110                DMA1_Channel7_IRQHandler
                0x08001110                CAN1_RX1_IRQHandler
                0x08001110                UART5_IRQHandler
                0x08001110                ADC3_IRQHandler
                0x08001110                TIM4_IRQHandler
                0x08001110                DMA2_Channel1_IRQHandler
                0x08001110                I2C1_EV_IRQHandler
                0x08001110                DMA1_Channel6_IRQHandler
                0x08001110                UART4_IRQHandler
                0x08001110                TIM3_IRQHandler
                0x08001110                RCC_IRQHandler
                0x08001110                TIM8_BRK_TIM12_IRQHandler
                0x08001110                DMA1_Channel1_IRQHandler
                0x08001110                Default_Handler
                0x08001110                EXTI15_10_IRQHandler
                0x08001110                TIM7_IRQHandler
                0x08001110                TIM5_IRQHandler
                0x08001110                EXTI9_5_IRQHandler
                0x08001110                SPI2_IRQHandler
                0x08001110                DMA1_Channel5_IRQHandler
                0x08001110                EXTI4_IRQHandler
                0x08001110                USB_LP_CAN1_RX0_IRQHandler
                0x08001110                USB_HP_CAN1_TX_IRQHandler
                0x08001110                DMA1_Channel3_IRQHandler
                0x08001110                FSMC_IRQHandler
                0x08001110                WWDG_IRQHandler
                0x08001110                TIM2_IRQHandler
                0x08001110                TIM1_TRG_COM_TIM11_IRQHandler
                0x08001110                EXTI1_IRQHandler
                0x08001110                DMA2_Channel4_5_IRQHandler
                0x08001110                USART2_IRQHandler
                0x08001110                I2C2_ER_IRQHandler
                0x08001110                DMA1_Channel2_IRQHandler
                0x08001110                CAN1_SCE_IRQHandler
                0x08001110                FLASH_IRQHandler
                0x08001110                USART1_IRQHandler
                0x08001110                SPI3_IRQHandler
                0x08001110                I2C1_ER_IRQHandler
                0x08001110                USBWakeUp_IRQHandler
                0x08001110                DMA2_Channel3_IRQHandler
 *fill*         0x08001112        0x2 
 .text.tbInit   0x08001114       0x98 ./Core/lib/DriverLib.o
                0x08001114                tbInit
 *fill*         0x080011ac        0x4 
 .text.dl_CheckPWM
                0x080011b0      0x1f4 ./Core/lib/DriverLib.o
                0x080011b0                dl_CheckPWM
 .text.tbDriver
                0x080013a4       0x54 ./Core/lib/DriverLib.o
                0x080013a4                tbDriver
 .text.tbMove   0x080013f8      0x144 ./Core/lib/DriverLib.o
                0x080013f8                tbMove
 .text.DelayMs  0x0800153c       0x30 ./Core/lib/LCD2004.o
 .text.LCD_WriteNibble
                0x0800156c       0xb8 ./Core/lib/LCD2004.o
 .text.LCD_WriteByte
                0x08001624       0x62 ./Core/lib/LCD2004.o
 *fill*         0x08001686        0x2 
 .text.LCD_Init
                0x08001688       0xb8 ./Core/lib/LCD2004.o
                0x08001688                LCD_Init
 .text.LCD_SetCursor
                0x08001740       0x7c ./Core/lib/LCD2004.o
                0x08001740                LCD_SetCursor
 .text.LCD_WriteChar
                0x080017bc       0x1c ./Core/lib/LCD2004.o
                0x080017bc                LCD_WriteChar
 .text.LCD_WriteString
                0x080017d8       0x4c ./Core/lib/LCD2004.o
                0x080017d8                LCD_WriteString
 .text.LCD_Clear
                0x08001824       0x10 ./Core/lib/LCD2004.o
                0x08001824                LCD_Clear
 .text.SELECT   0x08001834       0x18 ./Core/lib/SD.o
 .text.DESELECT
                0x0800184c       0x18 ./Core/lib/SD.o
 .text.SPI_TxByte
                0x08001864       0x34 ./Core/lib/SD.o
 .text.SPI_RxByte
                0x08001898       0x3c ./Core/lib/SD.o
 .text.SPI_RxBytePtr
                0x080018d4       0x1c ./Core/lib/SD.o
 .text.SD_ReadyWait
                0x080018f0       0x38 ./Core/lib/SD.o
 .text.SD_PowerOn
                0x08001928       0x98 ./Core/lib/SD.o
 .text.SD_PowerOff
                0x080019c0       0x18 ./Core/lib/SD.o
 .text.SD_CheckPower
                0x080019d8       0x14 ./Core/lib/SD.o
 .text.SD_RxDataBlock
                0x080019ec       0x60 ./Core/lib/SD.o
 .text.SD_TxDataBlock
                0x08001a4c       0xb4 ./Core/lib/SD.o
 .text.SD_SendCmd
                0x08001b00       0xa4 ./Core/lib/SD.o
 .text.SD_disk_initialize
                0x08001ba4      0x1d4 ./Core/lib/SD.o
                0x08001ba4                SD_disk_initialize
 .text.SD_disk_status
                0x08001d78       0x28 ./Core/lib/SD.o
                0x08001d78                SD_disk_status
 .text.SD_disk_read
                0x08001da0       0xd4 ./Core/lib/SD.o
                0x08001da0                SD_disk_read
 .text.SD_disk_write
                0x08001e74      0x108 ./Core/lib/SD.o
                0x08001e74                SD_disk_write
 .text.SD_disk_ioctl
                0x08001f7c      0x260 ./Core/lib/SD.o
                0x08001f7c                SD_disk_ioctl
 .text.HAL_Init
                0x080021dc       0x2c ./Drivers/STM32F1xx_HAL_Driver/Src/stm32f1xx_hal.o
                0x080021dc                HAL_Init
 .text.HAL_InitTick
                0x08002208       0x60 ./Drivers/STM32F1xx_HAL_Driver/Src/stm32f1xx_hal.o
                0x08002208                HAL_InitTick
 .text.HAL_IncTick
                0x08002268       0x24 ./Drivers/STM32F1xx_HAL_Driver/Src/stm32f1xx_hal.o
                0x08002268                HAL_IncTick
 .text.HAL_GetTick
                0x0800228c       0x14 ./Drivers/STM32F1xx_HAL_Driver/Src/stm32f1xx_hal.o
                0x0800228c                HAL_GetTick
 .text.HAL_Delay
                0x080022a0       0x48 ./Drivers/STM32F1xx_HAL_Driver/Src/stm32f1xx_hal.o
                0x080022a0                HAL_Delay
 .text.__NVIC_SetPriorityGrouping
                0x080022e8       0x48 ./Drivers/STM32F1xx_HAL_Driver/Src/stm32f1xx_hal_cortex.o
 .text.__NVIC_GetPriorityGrouping
                0x08002330       0x1c ./Drivers/STM32F1xx_HAL_Driver/Src/stm32f1xx_hal_cortex.o
 .text.__NVIC_EnableIRQ
                0x0800234c       0x38 ./Drivers/STM32F1xx_HAL_Driver/Src/stm32f1xx_hal_cortex.o
 .text.__NVIC_SetPriority
                0x08002384       0x54 ./Drivers/STM32F1xx_HAL_Driver/Src/stm32f1xx_hal_cortex.o
 .text.NVIC_EncodePriority
                0x080023d8       0x64 ./Drivers/STM32F1xx_HAL_Driver/Src/stm32f1xx_hal_cortex.o
 .text.SysTick_Config
                0x0800243c       0x44 ./Drivers/STM32F1xx_HAL_Driver/Src/stm32f1xx_hal_cortex.o
 .text.HAL_NVIC_SetPriorityGrouping
                0x08002480       0x16 ./Drivers/STM32F1xx_HAL_Driver/Src/stm32f1xx_hal_cortex.o
                0x08002480                HAL_NVIC_SetPriorityGrouping
 .text.HAL_NVIC_SetPriority
                0x08002496       0x38 ./Drivers/STM32F1xx_HAL_Driver/Src/stm32f1xx_hal_cortex.o
                0x08002496                HAL_NVIC_SetPriority
 .text.HAL_NVIC_EnableIRQ
                0x080024ce       0x1c ./Drivers/STM32F1xx_HAL_Driver/Src/stm32f1xx_hal_cortex.o
                0x080024ce                HAL_NVIC_EnableIRQ
 .text.HAL_SYSTICK_Config
                0x080024ea       0x18 ./Drivers/STM32F1xx_HAL_Driver/Src/stm32f1xx_hal_cortex.o
                0x080024ea                HAL_SYSTICK_Config
 *fill*         0x08002502        0x2 
 .text.HAL_GPIO_Init
                0x08002504      0x328 ./Drivers/STM32F1xx_HAL_Driver/Src/stm32f1xx_hal_gpio.o
                0x08002504                HAL_GPIO_Init
 .text.HAL_GPIO_WritePin
                0x0800282c       0x30 ./Drivers/STM32F1xx_HAL_Driver/Src/stm32f1xx_hal_gpio.o
                0x0800282c                HAL_GPIO_WritePin
 .text.HAL_GPIO_TogglePin
                0x0800285c       0x32 ./Drivers/STM32F1xx_HAL_Driver/Src/stm32f1xx_hal_gpio.o
                0x0800285c                HAL_GPIO_TogglePin
 *fill*         0x0800288e        0x2 
 .text.HAL_I2C_Init
                0x08002890      0x288 ./Drivers/STM32F1xx_HAL_Driver/Src/stm32f1xx_hal_i2c.o
                0x08002890                HAL_I2C_Init
 .text.HAL_I2C_Mem_Write
                0x08002b18      0x1f4 ./Drivers/STM32F1xx_HAL_Driver/Src/stm32f1xx_hal_i2c.o
                0x08002b18                HAL_I2C_Mem_Write
 .text.I2C_RequestMemoryWrite
                0x08002d0c      0x12c ./Drivers/STM32F1xx_HAL_Driver/Src/stm32f1xx_hal_i2c.o
 .text.I2C_WaitOnFlagUntilTimeout
                0x08002e38       0xf4 ./Drivers/STM32F1xx_HAL_Driver/Src/stm32f1xx_hal_i2c.o
 .text.I2C_WaitOnMasterAddressFlagUntilTimeout
                0x08002f2c      0x140 ./Drivers/STM32F1xx_HAL_Driver/Src/stm32f1xx_hal_i2c.o
 .text.I2C_WaitOnTXEFlagUntilTimeout
                0x0800306c       0x90 ./Drivers/STM32F1xx_HAL_Driver/Src/stm32f1xx_hal_i2c.o
 .text.I2C_WaitOnBTFFlagUntilTimeout
                0x080030fc       0x90 ./Drivers/STM32F1xx_HAL_Driver/Src/stm32f1xx_hal_i2c.o
 .text.I2C_IsAcknowledgeFailed
                0x0800318c       0x5c ./Drivers/STM32F1xx_HAL_Driver/Src/stm32f1xx_hal_i2c.o
 .text.HAL_RCC_OscConfig
                0x080031e8      0x504 ./Drivers/STM32F1xx_HAL_Driver/Src/stm32f1xx_hal_rcc.o
                0x080031e8                HAL_RCC_OscConfig
 .text.HAL_RCC_ClockConfig
                0x080036ec      0x1d4 ./Drivers/STM32F1xx_HAL_Driver/Src/stm32f1xx_hal_rcc.o
                0x080036ec                HAL_RCC_ClockConfig
 .text.HAL_RCC_GetSysClockFreq
                0x080038c0       0xa8 ./Drivers/STM32F1xx_HAL_Driver/Src/stm32f1xx_hal_rcc.o
                0x080038c0                HAL_RCC_GetSysClockFreq
 .text.HAL_RCC_GetHCLKFreq
                0x08003968       0x14 ./Drivers/STM32F1xx_HAL_Driver/Src/stm32f1xx_hal_rcc.o
                0x08003968                HAL_RCC_GetHCLKFreq
 .text.HAL_RCC_GetPCLK1Freq
                0x0800397c       0x28 ./Drivers/STM32F1xx_HAL_Driver/Src/stm32f1xx_hal_rcc.o
                0x0800397c                HAL_RCC_GetPCLK1Freq
 .text.HAL_RCC_GetPCLK2Freq
                0x080039a4       0x28 ./Drivers/STM32F1xx_HAL_Driver/Src/stm32f1xx_hal_rcc.o
                0x080039a4                HAL_RCC_GetPCLK2Freq
 .text.RCC_Delay
                0x080039cc       0x3c ./Drivers/STM32F1xx_HAL_Driver/Src/stm32f1xx_hal_rcc.o
 .text.HAL_SPI_Init
                0x08003a08      0x108 ./Drivers/STM32F1xx_HAL_Driver/Src/stm32f1xx_hal_spi.o
                0x08003a08                HAL_SPI_Init
 .text.HAL_SPI_Transmit
                0x08003b10      0x286 ./Drivers/STM32F1xx_HAL_Driver/Src/stm32f1xx_hal_spi.o
                0x08003b10                HAL_SPI_Transmit
 .text.HAL_SPI_TransmitReceive
                0x08003d96      0x360 ./Drivers/STM32F1xx_HAL_Driver/Src/stm32f1xx_hal_spi.o
                0x08003d96                HAL_SPI_TransmitReceive
 .text.HAL_SPI_GetState
                0x080040f6       0x1a ./Drivers/STM32F1xx_HAL_Driver/Src/stm32f1xx_hal_spi.o
                0x080040f6                HAL_SPI_GetState
 .text.SPI_WaitFlagStateUntilTimeout
                0x08004110      0x110 ./Drivers/STM32F1xx_HAL_Driver/Src/stm32f1xx_hal_spi.o
 .text.SPI_EndRxTxTransaction
                0x08004220       0x3c ./Drivers/STM32F1xx_HAL_Driver/Src/stm32f1xx_hal_spi.o
 .text.HAL_TIM_Base_Init
                0x0800425c       0x9e ./Drivers/STM32F1xx_HAL_Driver/Src/stm32f1xx_hal_tim.o
                0x0800425c                HAL_TIM_Base_Init
 .text.HAL_TIM_IRQHandler
                0x080042fa      0x210 ./Drivers/STM32F1xx_HAL_Driver/Src/stm32f1xx_hal_tim.o
                0x080042fa                HAL_TIM_IRQHandler
 .text.HAL_TIM_OC_DelayElapsedCallback
                0x0800450a       0x12 ./Drivers/STM32F1xx_HAL_Driver/Src/stm32f1xx_hal_tim.o
                0x0800450a                HAL_TIM_OC_DelayElapsedCallback
 .text.HAL_TIM_IC_CaptureCallback
                0x0800451c       0x12 ./Drivers/STM32F1xx_HAL_Driver/Src/stm32f1xx_hal_tim.o
                0x0800451c                HAL_TIM_IC_CaptureCallback
 .text.HAL_TIM_PWM_PulseFinishedCallback
                0x0800452e       0x12 ./Drivers/STM32F1xx_HAL_Driver/Src/stm32f1xx_hal_tim.o
                0x0800452e                HAL_TIM_PWM_PulseFinishedCallback
 .text.HAL_TIM_TriggerCallback
                0x08004540       0x12 ./Drivers/STM32F1xx_HAL_Driver/Src/stm32f1xx_hal_tim.o
                0x08004540                HAL_TIM_TriggerCallback
 *fill*         0x08004552        0x2 
 .text.TIM_Base_SetConfig
                0x08004554      0x13c ./Drivers/STM32F1xx_HAL_Driver/Src/stm32f1xx_hal_tim.o
                0x08004554                TIM_Base_SetConfig
 .text.HAL_TIMEx_CommutCallback
                0x08004690       0x12 ./Drivers/STM32F1xx_HAL_Driver/Src/stm32f1xx_hal_tim_ex.o
                0x08004690                HAL_TIMEx_CommutCallback
 .text.HAL_TIMEx_BreakCallback
                0x080046a2       0x12 ./Drivers/STM32F1xx_HAL_Driver/Src/stm32f1xx_hal_tim_ex.o
                0x080046a2                HAL_TIMEx_BreakCallback
 .text.HAL_UART_Init
                0x080046b4       0xa0 ./Drivers/STM32F1xx_HAL_Driver/Src/stm32f1xx_hal_uart.o
                0x080046b4                HAL_UART_Init
 .text.UART_SetConfig
                0x08004754      0x11c ./Drivers/STM32F1xx_HAL_Driver/Src/stm32f1xx_hal_uart.o
 .text.MX_FATFS_Init
                0x08004870       0x24 ./FATFS/App/fatfs.o
                0x08004870                MX_FATFS_Init
 .text.USER_initialize
                0x08004894       0x1c ./FATFS/Target/user_diskio.o
                0x08004894                USER_initialize
 .text.USER_status
                0x080048b0       0x1c ./FATFS/Target/user_diskio.o
                0x080048b0                USER_status
 .text.USER_read
                0x080048cc       0x26 ./FATFS/Target/user_diskio.o
                0x080048cc                USER_read
 .text.USER_write
                0x080048f2       0x26 ./FATFS/Target/user_diskio.o
                0x080048f2                USER_write
 .text.USER_ioctl
                0x08004918       0x26 ./FATFS/Target/user_diskio.o
                0x08004918                USER_ioctl
 *fill*         0x0800493e        0x2 
 .text.FATFS_LinkDriverEx
                0x08004940       0x94 ./Middlewares/Third_Party/FatFs/src/ff_gen_drv.o
                0x08004940                FATFS_LinkDriverEx
 .text.FATFS_LinkDriver
                0x080049d4       0x1e ./Middlewares/Third_Party/FatFs/src/ff_gen_drv.o
                0x080049d4                FATFS_LinkDriver
 .text.makeFreeRtosPriority
                0x080049f2       0x2e ./Middlewares/Third_Party/FreeRTOS/Source/CMSIS_RTOS/cmsis_os.o
 .text.osKernelStart
                0x08004a20        0xe ./Middlewares/Third_Party/FreeRTOS/Source/CMSIS_RTOS/cmsis_os.o
                0x08004a20                osKernelStart
 .text.osThreadCreate
                0x08004a2e       0x98 ./Middlewares/Third_Party/FreeRTOS/Source/CMSIS_RTOS/cmsis_os.o
                0x08004a2e                osThreadCreate
 .text.osDelay  0x08004ac6       0x28 ./Middlewares/Third_Party/FreeRTOS/Source/CMSIS_RTOS/cmsis_os.o
                0x08004ac6                osDelay
 .text.vListInitialise
                0x08004aee       0x3e ./Middlewares/Third_Party/FreeRTOS/Source/list.o
                0x08004aee                vListInitialise
 .text.vListInitialiseItem
                0x08004b2c       0x18 ./Middlewares/Third_Party/FreeRTOS/Source/list.o
                0x08004b2c                vListInitialiseItem
 .text.vListInsertEnd
                0x08004b44       0x46 ./Middlewares/Third_Party/FreeRTOS/Source/list.o
                0x08004b44                vListInsertEnd
 .text.vListInsert
                0x08004b8a       0x70 ./Middlewares/Third_Party/FreeRTOS/Source/list.o
                0x08004b8a                vListInsert
 .text.uxListRemove
                0x08004bfa       0x52 ./Middlewares/Third_Party/FreeRTOS/Source/list.o
                0x08004bfa                uxListRemove
 .text.xTaskCreateStatic
                0x08004c4c       0xbe ./Middlewares/Third_Party/FreeRTOS/Source/tasks.o
                0x08004c4c                xTaskCreateStatic
 .text.xTaskCreate
                0x08004d0a       0x8a ./Middlewares/Third_Party/FreeRTOS/Source/tasks.o
                0x08004d0a                xTaskCreate
 .text.prvInitialiseNewTask
                0x08004d94      0x100 ./Middlewares/Third_Party/FreeRTOS/Source/tasks.o
 .text.prvAddNewTaskToReadyList
                0x08004e94       0xd4 ./Middlewares/Third_Party/FreeRTOS/Source/tasks.o
 .text.vTaskDelay
                0x08004f68       0x6c ./Middlewares/Third_Party/FreeRTOS/Source/tasks.o
                0x08004f68                vTaskDelay
 .text.vTaskStartScheduler
                0x08004fd4       0xc4 ./Middlewares/Third_Party/FreeRTOS/Source/tasks.o
                0x08004fd4                vTaskStartScheduler
 .text.vTaskSuspendAll
                0x08005098       0x1c ./Middlewares/Third_Party/FreeRTOS/Source/tasks.o
                0x08005098                vTaskSuspendAll
 .text.xTaskResumeAll
                0x080050b4      0x13c ./Middlewares/Third_Party/FreeRTOS/Source/tasks.o
                0x080050b4                xTaskResumeAll
 .text.xTaskIncrementTick
                0x080051f0      0x17c ./Middlewares/Third_Party/FreeRTOS/Source/tasks.o
                0x080051f0                xTaskIncrementTick
 .text.vTaskSwitchContext
                0x0800536c       0xb8 ./Middlewares/Third_Party/FreeRTOS/Source/tasks.o
                0x0800536c                vTaskSwitchContext
 .text.prvIdleTask
                0x08005424       0x34 ./Middlewares/Third_Party/FreeRTOS/Source/tasks.o
 .text.prvInitialiseTaskLists
                0x08005458       0x80 ./Middlewares/Third_Party/FreeRTOS/Source/tasks.o
 .text.prvCheckTasksWaitingTermination
                0x080054d8       0x5c ./Middlewares/Third_Party/FreeRTOS/Source/tasks.o
 .text.prvDeleteTCB
                0x08005534       0x60 ./Middlewares/Third_Party/FreeRTOS/Source/tasks.o
 .text.prvResetNextTaskUnblockTime
                0x08005594       0x48 ./Middlewares/Third_Party/FreeRTOS/Source/tasks.o
 .text.xTaskGetSchedulerState
                0x080055dc       0x3c ./Middlewares/Third_Party/FreeRTOS/Source/tasks.o
                0x080055dc                xTaskGetSchedulerState
 .text.prvAddCurrentTaskToDelayedList
                0x08005618       0xcc ./Middlewares/Third_Party/FreeRTOS/Source/tasks.o
 .text.pxPortInitialiseStack
                0x080056e4       0x58 ./Middlewares/Third_Party/FreeRTOS/Source/portable/GCC/ARM_CM3/port.o
                0x080056e4                pxPortInitialiseStack
 .text.prvTaskExitError
                0x0800573c       0x58 ./Middlewares/Third_Party/FreeRTOS/Source/portable/GCC/ARM_CM3/port.o
 *fill*         0x08005794        0xc 
 .text.SVC_Handler
                0x080057a0       0x28 ./Middlewares/Third_Party/FreeRTOS/Source/portable/GCC/ARM_CM3/port.o
                0x080057a0                SVC_Handler
 .text.prvPortStartFirstTask
                0x080057c8       0x20 ./Middlewares/Third_Party/FreeRTOS/Source/portable/GCC/ARM_CM3/port.o
 .text.xPortStartScheduler
                0x080057e8       0xe4 ./Middlewares/Third_Party/FreeRTOS/Source/portable/GCC/ARM_CM3/port.o
                0x080057e8                xPortStartScheduler
 .text.vPortEnterCritical
                0x080058cc       0x60 ./Middlewares/Third_Party/FreeRTOS/Source/portable/GCC/ARM_CM3/port.o
                0x080058cc                vPortEnterCritical
 .text.vPortExitCritical
                0x0800592c       0x54 ./Middlewares/Third_Party/FreeRTOS/Source/portable/GCC/ARM_CM3/port.o
                0x0800592c                vPortExitCritical
 .text.PendSV_Handler
                0x08005980       0x48 ./Middlewares/Third_Party/FreeRTOS/Source/portable/GCC/ARM_CM3/port.o
                0x08005980                PendSV_Handler
 .text.xPortSysTickHandler
                0x080059c8       0x44 ./Middlewares/Third_Party/FreeRTOS/Source/portable/GCC/ARM_CM3/port.o
                0x080059c8                xPortSysTickHandler
 .text.vPortSetupTimerInterrupt
                0x08005a0c       0x44 ./Middlewares/Third_Party/FreeRTOS/Source/portable/GCC/ARM_CM3/port.o
                0x08005a0c                vPortSetupTimerInterrupt
 .text.pvPortMalloc
                0x08005a50      0x190 ./Middlewares/Third_Party/FreeRTOS/Source/portable/MemMang/heap_4.o
                0x08005a50                pvPortMalloc
 .text.vPortFree
                0x08005be0       0xb8 ./Middlewares/Third_Party/FreeRTOS/Source/portable/MemMang/heap_4.o
                0x08005be0                vPortFree
 .text.prvHeapInit
                0x08005c98       0xc4 ./Middlewares/Third_Party/FreeRTOS/Source/portable/MemMang/heap_4.o
 .text.prvInsertBlockIntoFreeList
                0x08005d5c       0xb0 ./Middlewares/Third_Party/FreeRTOS/Source/portable/MemMang/heap_4.o
 .text.memset   0x08005e0c       0x10 D:/Progs/STM32CubeIDE_2.2.0/STM32CubeIDE/plugins/com.st.stm32cube.ide.mcu.externaltools.gnu-tools-for-stm32.14.3.rel1.win32_1.0.100.202602081740/tools/bin/../lib/gcc/arm-none-eabi/14.3.1/../../../../arm-none-eabi/lib/thumb/v7-m/nofp\libc_nano.a(libc_a-memset.o)
                0x08005e0c                memset
 .text.__libc_init_array
                0x08005e1c       0x48 D:/Progs/STM32CubeIDE_2.2.0/STM32CubeIDE/plugins/com.st.stm32cube.ide.mcu.externaltools.gnu-tools-for-stm32.14.3.rel1.win32_1.0.100.202602081740/tools/bin/../lib/gcc/arm-none-eabi/14.3.1/../../../../arm-none-eabi/lib/thumb/v7-m/nofp\libc_nano.a(libc_a-init.o)
                0x08005e1c                __libc_init_array
 *(.glue_7)
 .glue_7        0x08005e64        0x0 linker stubs
 *(.glue_7t)
 .glue_7t       0x08005e64        0x0 linker stubs
 *(.eh_frame)
 .eh_frame      0x08005e64        0x0 D:/Progs/STM32CubeIDE_2.2.0/STM32CubeIDE/plugins/com.st.stm32cube.ide.mcu.externaltools.gnu-tools-for-stm32.14.3.rel1.win32_1.0.100.202602081740/tools/bin/../lib/gcc/arm-none-eabi/14.3.1/thumb/v7-m/nofp/crtbegin.o
 *(.init)
 .init          0x08005e64        0x4 D:/Progs/STM32CubeIDE_2.2.0/STM32CubeIDE/plugins/com.st.stm32cube.ide.mcu.externaltools.gnu-tools-for-stm32.14.3.rel1.win32_1.0.100.202602081740/tools/bin/../lib/gcc/arm-none-eabi/14.3.1/thumb/v7-m/nofp/crti.o
                0x08005e64                _init
 .init          0x08005e68        0x8 D:/Progs/STM32CubeIDE_2.2.0/STM32CubeIDE/plugins/com.st.stm32cube.ide.mcu.externaltools.gnu-tools-for-stm32.14.3.rel1.win32_1.0.100.202602081740/tools/bin/../lib/gcc/arm-none-eabi/14.3.1/thumb/v7-m/nofp/crtn.o
 *(.fini)
 .fini          0x08005e70        0x4 D:/Progs/STM32CubeIDE_2.2.0/STM32CubeIDE/plugins/com.st.stm32cube.ide.mcu.externaltools.gnu-tools-for-stm32.14.3.rel1.win32_1.0.100.202602081740/tools/bin/../lib/gcc/arm-none-eabi/14.3.1/thumb/v7-m/nofp/crti.o
                0x08005e70                _fini
 .fini          0x08005e74        0x8 D:/Progs/STM32CubeIDE_2.2.0/STM32CubeIDE/plugins/com.st.stm32cube.ide.mcu.externaltools.gnu-tools-for-stm32.14.3.rel1.win32_1.0.100.202602081740/tools/bin/../lib/gcc/arm-none-eabi/14.3.1/thumb/v7-m/nofp/crtn.o
                0x08005e7c                        . = ALIGN (0x4)
                0x08005e7c                        _etext = .

.vfp11_veneer   0x08005e7c        0x0
 .vfp11_veneer  0x08005e7c        0x0 linker stubs

.v4_bx          0x08005e7c        0x0
 .v4_bx         0x08005e7c        0x0 linker stubs

.iplt           0x08005e7c        0x0
 .iplt          0x08005e7c        0x0 D:/Progs/STM32CubeIDE_2.2.0/STM32CubeIDE/plugins/com.st.stm32cube.ide.mcu.externaltools.gnu-tools-for-stm32.14.3.rel1.win32_1.0.100.202602081740/tools/bin/../lib/gcc/arm-none-eabi/14.3.1/thumb/v7-m/nofp/crtbegin.o

.rodata         0x08005e7c       0xec
                0x08005e7c                        . = ALIGN (0x4)
 *(.rodata)
 .rodata        0x08005e7c       0xb8 ./Core/Src/main.o
 .rodata        0x08005f34        0x5 ./Middlewares/Third_Party/FreeRTOS/Source/tasks.o
 *(.rodata*)
 *fill*         0x08005f39        0x3 
 .rodata.AHBPrescTable
                0x08005f3c       0x10 ./Core/Src/system_stm32f1xx.o
                0x08005f3c                AHBPrescTable
 .rodata.APBPrescTable
                0x08005f4c        0x8 ./Core/Src/system_stm32f1xx.o
                0x08005f4c                APBPrescTable
 .rodata.aPLLMULFactorTable.1
                0x08005f54       0x10 ./Drivers/STM32F1xx_HAL_Driver/Src/stm32f1xx_hal_rcc.o
 .rodata.aPredivFactorTable.0
                0x08005f64        0x2 ./Drivers/STM32F1xx_HAL_Driver/Src/stm32f1xx_hal_rcc.o
                0x08005f68                        . = ALIGN (0x4)
 *fill*         0x08005f66        0x2 

.ARM.extab      0x08005f68        0x0
                0x08005f68                        . = ALIGN (0x4)
 *(.ARM.extab* .gnu.linkonce.armextab.*)
                0x08005f68                        . = ALIGN (0x4)

.ARM            0x08005f68        0x0
                0x08005f68                        . = ALIGN (0x4)
                0x08005f68                        __exidx_start = .
 *(.ARM.exidx*)
                0x08005f68                        __exidx_end = .
                0x08005f68                        . = ALIGN (0x4)

.preinit_array  0x08005f68        0x0
                0x08005f68                        . = ALIGN (0x4)
                0x08005f68                        PROVIDE (__preinit_array_start = .)
 *(.preinit_array*)
                0x08005f68                        PROVIDE (__preinit_array_end = .)
                0x08005f68                        . = ALIGN (0x4)

.init_array     0x08005f68        0x4
                0x08005f68                        . = ALIGN (0x4)
                0x08005f68                        PROVIDE (__init_array_start = .)
 *(SORT_BY_NAME(.init_array.*))
 *(.init_array*)
 .init_array    0x08005f68        0x4 D:/Progs/STM32CubeIDE_2.2.0/STM32CubeIDE/plugins/com.st.stm32cube.ide.mcu.externaltools.gnu-tools-for-stm32.14.3.rel1.win32_1.0.100.202602081740/tools/bin/../lib/gcc/arm-none-eabi/14.3.1/thumb/v7-m/nofp/crtbegin.o
                0x08005f6c                        PROVIDE (__init_array_end = .)
                0x08005f6c                        . = ALIGN (0x4)

.fini_array     0x08005f6c        0x4
                0x08005f6c                        . = ALIGN (0x4)
                [!provide]                        PROVIDE (__fini_array_start = .)
 *(SORT_BY_NAME(.fini_array.*))
 *(.fini_array*)
 .fini_array    0x08005f6c        0x4 D:/Progs/STM32CubeIDE_2.2.0/STM32CubeIDE/plugins/com.st.stm32cube.ide.mcu.externaltools.gnu-tools-for-stm32.14.3.rel1.win32_1.0.100.202602081740/tools/bin/../lib/gcc/arm-none-eabi/14.3.1/thumb/v7-m/nofp/crtbegin.o
                [!provide]                        PROVIDE (__fini_array_end = .)
                0x08005f70                        . = ALIGN (0x4)
                0x08005f70                        _sidata = LOADADDR (.data)

.rel.dyn        0x08005f70        0x0
 .rel.iplt      0x08005f70        0x0 D:/Progs/STM32CubeIDE_2.2.0/STM32CubeIDE/plugins/com.st.stm32cube.ide.mcu.externaltools.gnu-tools-for-stm32.14.3.rel1.win32_1.0.100.202602081740/tools/bin/../lib/gcc/arm-none-eabi/14.3.1/thumb/v7-m/nofp/crtbegin.o

.data           0x20000000       0x28 load address 0x08005f70
                0x20000000                        . = ALIGN (0x4)
                0x20000000                        _sdata = .
 *(.data)
 *(.data*)
 .data.SystemCoreClock
                0x20000000        0x4 ./Core/Src/system_stm32f1xx.o
                0x20000000                SystemCoreClock
 .data.Stat     0x20000004        0x1 ./Core/lib/SD.o
 *fill*         0x20000005        0x3 
 .data.uwTickPrio
                0x20000008        0x4 ./Drivers/STM32F1xx_HAL_Driver/Src/stm32f1xx_hal.o
                0x20000008                uwTickPrio
 .data.uwTickFreq
                0x2000000c        0x1 ./Drivers/STM32F1xx_HAL_Driver/Src/stm32f1xx_hal.o
                0x2000000c                uwTickFreq
 *fill*         0x2000000d        0x3 
 .data.USER_Driver
                0x20000010       0x14 ./FATFS/Target/user_diskio.o
                0x20000010                USER_Driver
 .data.uxCriticalNesting
                0x20000024        0x4 ./Middlewares/Third_Party/FreeRTOS/Source/portable/GCC/ARM_CM3/port.o
 *(.RamFunc)
 *(.RamFunc*)
                0x20000028                        . = ALIGN (0x4)
                0x20000028                        _edata = .

.igot.plt       0x20000028        0x0 load address 0x08005f98
 .igot.plt      0x20000028        0x0 D:/Progs/STM32CubeIDE_2.2.0/STM32CubeIDE/plugins/com.st.stm32cube.ide.mcu.externaltools.gnu-tools-for-stm32.14.3.rel1.win32_1.0.100.202602081740/tools/bin/../lib/gcc/arm-none-eabi/14.3.1/thumb/v7-m/nofp/crtbegin.o
                0x20000028                        . = ALIGN (0x4)

.bss            0x20000028     0x15c4 load address 0x08005f98
                0x20000028                        _sbss = .
                0x20000028                        __bss_start__ = _sbss
 *(.bss)
 .bss           0x20000028       0x1c D:/Progs/STM32CubeIDE_2.2.0/STM32CubeIDE/plugins/com.st.stm32cube.ide.mcu.externaltools.gnu-tools-for-stm32.14.3.rel1.win32_1.0.100.202602081740/tools/bin/../lib/gcc/arm-none-eabi/14.3.1/thumb/v7-m/nofp/crtbegin.o
 *(.bss*)
 .bss.xIdleTaskTCBBuffer
                0x20000044       0x54 ./Core/Src/freertos.o
 .bss.xIdleStack
                0x20000098      0x200 ./Core/Src/freertos.o
 .bss.hi2c1     0x20000298       0x54 ./Core/Src/main.o
                0x20000298                hi2c1
 .bss.hspi1     0x200002ec       0x58 ./Core/Src/main.o
                0x200002ec                hspi1
 .bss.htim14    0x20000344       0x48 ./Core/Src/main.o
                0x20000344                htim14
 .bss.huart1    0x2000038c       0x48 ./Core/Src/main.o
                0x2000038c                huart1
 .bss.default_taskHandle
                0x200003d4        0x4 ./Core/Src/main.o
                0x200003d4                default_taskHandle
 .bss.table_taskHandle
                0x200003d8        0x4 ./Core/Src/main.o
                0x200003d8                table_taskHandle
 .bss.display_taskHandle
                0x200003dc        0x4 ./Core/Src/main.o
                0x200003dc                display_taskHandle
 .bss.control_taskHandle
                0x200003e0        0x4 ./Core/Src/main.o
                0x200003e0                control_taskHandle
 .bss.idle_tick
                0x200003e4        0x4 ./Core/Src/main.o
                0x200003e4                idle_tick
 .bss.point     0x200003e8        0xc ./Core/Src/main.o
                0x200003e8                point
 .bss.tHead     0x200003f4       0x88 ./Core/lib/DriverLib.o
                0x200003f4                tHead
 .bss.LCD2004   0x2000047c        0x8 ./Core/lib/LCD2004.o
                0x2000047c                LCD2004
 .bss.SD_Timer1
                0x20000484        0x1 ./Core/lib/SD.o
                0x20000484                SD_Timer1
 .bss.SD_Timer2
                0x20000485        0x1 ./Core/lib/SD.o
                0x20000485                SD_Timer2
 .bss.CardType  0x20000486        0x1 ./Core/lib/SD.o
 .bss.PowerFlag
                0x20000487        0x1 ./Core/lib/SD.o
 .bss.uwTick    0x20000488        0x4 ./Drivers/STM32F1xx_HAL_Driver/Src/stm32f1xx_hal.o
                0x20000488                uwTick
 .bss.retUSER   0x2000048c        0x1 ./FATFS/App/fatfs.o
                0x2000048c                retUSER
 *fill*         0x2000048d        0x3 
 .bss.USERPath  0x20000490        0x4 ./FATFS/App/fatfs.o
                0x20000490                USERPath
 .bss.disk      0x20000494        0xc ./Middlewares/Third_Party/FatFs/src/ff_gen_drv.o
                0x20000494                disk
 .bss.pxCurrentTCB
                0x200004a0        0x4 ./Middlewares/Third_Party/FreeRTOS/Source/tasks.o
                0x200004a0                pxCurrentTCB
 .bss.pxReadyTasksLists
                0x200004a4       0x8c ./Middlewares/Third_Party/FreeRTOS/Source/tasks.o
 .bss.xDelayedTaskList1
                0x20000530       0x14 ./Middlewares/Third_Party/FreeRTOS/Source/tasks.o
 .bss.xDelayedTaskList2
                0x20000544       0x14 ./Middlewares/Third_Party/FreeRTOS/Source/tasks.o
 .bss.pxDelayedTaskList
                0x20000558        0x4 ./Middlewares/Third_Party/FreeRTOS/Source/tasks.o
 .bss.pxOverflowDelayedTaskList
                0x2000055c        0x4 ./Middlewares/Third_Party/FreeRTOS/Source/tasks.o
 .bss.xPendingReadyList
                0x20000560       0x14 ./Middlewares/Third_Party/FreeRTOS/Source/tasks.o
 .bss.xTasksWaitingTermination
                0x20000574       0x14 ./Middlewares/Third_Party/FreeRTOS/Source/tasks.o
 .bss.uxDeletedTasksWaitingCleanUp
                0x20000588        0x4 ./Middlewares/Third_Party/FreeRTOS/Source/tasks.o
 .bss.xSuspendedTaskList
                0x2000058c       0x14 ./Middlewares/Third_Party/FreeRTOS/Source/tasks.o
 .bss.uxCurrentNumberOfTasks
                0x200005a0        0x4 ./Middlewares/Third_Party/FreeRTOS/Source/tasks.o
 .bss.xTickCount
                0x200005a4        0x4 ./Middlewares/Third_Party/FreeRTOS/Source/tasks.o
 .bss.uxTopReadyPriority
                0x200005a8        0x4 ./Middlewares/Third_Party/FreeRTOS/Source/tasks.o
 .bss.xSchedulerRunning
                0x200005ac        0x4 ./Middlewares/Third_Party/FreeRTOS/Source/tasks.o
 .bss.uxPendedTicks
                0x200005b0        0x4 ./Middlewares/Third_Party/FreeRTOS/Source/tasks.o
 .bss.xYieldPending
                0x200005b4        0x4 ./Middlewares/Third_Party/FreeRTOS/Source/tasks.o
 .bss.xNumOfOverflows
                0x200005b8        0x4 ./Middlewares/Third_Party/FreeRTOS/Source/tasks.o
 .bss.uxTaskNumber
                0x200005bc        0x4 ./Middlewares/Third_Party/FreeRTOS/Source/tasks.o
 .bss.xNextTaskUnblockTime
                0x200005c0        0x4 ./Middlewares/Third_Party/FreeRTOS/Source/tasks.o
 .bss.xIdleTaskHandle
                0x200005c4        0x4 ./Middlewares/Third_Party/FreeRTOS/Source/tasks.o
 .bss.uxSchedulerSuspended
                0x200005c8        0x4 ./Middlewares/Third_Party/FreeRTOS/Source/tasks.o
 .bss.ucMaxSysCallPriority
                0x200005cc        0x1 ./Middlewares/Third_Party/FreeRTOS/Source/portable/GCC/ARM_CM3/port.o
 *fill*         0x200005cd        0x3 
 .bss.ulMaxPRIGROUPValue
                0x200005d0        0x4 ./Middlewares/Third_Party/FreeRTOS/Source/portable/GCC/ARM_CM3/port.o
 .bss.ucHeap    0x200005d4     0x1000 ./Middlewares/Third_Party/FreeRTOS/Source/portable/MemMang/heap_4.o
 .bss.xStart    0x200015d4        0x8 ./Middlewares/Third_Party/FreeRTOS/Source/portable/MemMang/heap_4.o
 .bss.pxEnd     0x200015dc        0x4 ./Middlewares/Third_Party/FreeRTOS/Source/portable/MemMang/heap_4.o
 .bss.xFreeBytesRemaining
                0x200015e0        0x4 ./Middlewares/Third_Party/FreeRTOS/Source/portable/MemMang/heap_4.o
 .bss.xMinimumEverFreeBytesRemaining
                0x200015e4        0x4 ./Middlewares/Third_Party/FreeRTOS/Source/portable/MemMang/heap_4.o
 .bss.xBlockAllocatedBit
                0x200015e8        0x4 ./Middlewares/Third_Party/FreeRTOS/Source/portable/MemMang/heap_4.o
 *(COMMON)
                0x200015ec                        . = ALIGN (0x4)
                0x200015ec                        _ebss = .
                0x200015ec                        __bss_end__ = _ebss

._user_heap_stack
                0x200015ec      0x604 load address 0x08005f98
                0x200015f0                        . = ALIGN (0x8)
 *fill*         0x200015ec        0x4 
                [!provide]                        PROVIDE (end = .)
                0x200015f0                        PROVIDE (_end = .)
                0x200017f0                        . = (. + _Min_Heap_Size)
 *fill*         0x200015f0      0x200 
                0x20001bf0                        . = (. + _Min_Stack_Size)
 *fill*         0x200017f0      0x400 
                0x20001bf0                        . = ALIGN (0x8)

/DISCARD/
 libc.a(*)
 libm.a(*)
 libgcc.a(*)

.ARM.attributes
                0x00000000       0x29
 *(.ARM.attributes)
 .ARM.attributes
                0x00000000       0x1d D:/Progs/STM32CubeIDE_2.2.0/STM32CubeIDE/plugins/com.st.stm32cube.ide.mcu.externaltools.gnu-tools-for-stm32.14.3.rel1.win32_1.0.100.202602081740/tools/bin/../lib/gcc/arm-none-eabi/14.3.1/thumb/v7-m/nofp/crti.o
 .ARM.attributes
                0x0000001d       0x2d D:/Progs/STM32CubeIDE_2.2.0/STM32CubeIDE/plugins/com.st.stm32cube.ide.mcu.externaltools.gnu-tools-for-stm32.14.3.rel1.win32_1.0.100.202602081740/tools/bin/../lib/gcc/arm-none-eabi/14.3.1/thumb/v7-m/nofp/crtbegin.o
 .ARM.attributes
                0x0000004a       0x2d ./Core/Src/freertos.o
 .ARM.attributes
                0x00000077       0x2d ./Core/Src/main.o
 .ARM.attributes
                0x000000a4       0x2d ./Core/Src/stm32f1xx_hal_msp.o
 .ARM.attributes
                0x000000d1       0x2d ./Core/Src/stm32f1xx_it.o
 .ARM.attributes
                0x000000fe       0x2d ./Core/Src/system_stm32f1xx.o
 .ARM.attributes
                0x0000012b       0x21 ./Core/Startup/startup_stm32f103rgtx.o
 .ARM.attributes
                0x0000014c       0x2d ./Core/lib/DriverLib.o
 .ARM.attributes
                0x00000179       0x2d ./Core/lib/LCD2004.o
 .ARM.attributes
                0x000001a6       0x2d ./Core/lib/SD.o
 .ARM.attributes
                0x000001d3       0x2d ./Drivers/STM32F1xx_HAL_Driver/Src/stm32f1xx_hal.o
 .ARM.attributes
                0x00000200       0x2d ./Drivers/STM32F1xx_HAL_Driver/Src/stm32f1xx_hal_cortex.o
 .ARM.attributes
                0x0000022d       0x2d ./Drivers/STM32F1xx_HAL_Driver/Src/stm32f1xx_hal_gpio.o
 .ARM.attributes
                0x0000025a       0x2d ./Drivers/STM32F1xx_HAL_Driver/Src/stm32f1xx_hal_i2c.o
 .ARM.attributes
                0x00000287       0x2d ./Drivers/STM32F1xx_HAL_Driver/Src/stm32f1xx_hal_rcc.o
 .ARM.attributes
                0x000002b4       0x2d ./Drivers/STM32F1xx_HAL_Driver/Src/stm32f1xx_hal_spi.o
 .ARM.attributes
                0x000002e1       0x2d ./Drivers/STM32F1xx_HAL_Driver/Src/stm32f1xx_hal_tim.o
 .ARM.attributes
                0x0000030e       0x2d ./Drivers/STM32F1xx_HAL_Driver/Src/stm32f1xx_hal_tim_ex.o
 .ARM.attributes
                0x0000033b       0x2d ./Drivers/STM32F1xx_HAL_Driver/Src/stm32f1xx_hal_uart.o
 .ARM.attributes
                0x00000368       0x2d ./FATFS/App/fatfs.o
 .ARM.attributes
                0x00000395       0x2d ./FATFS/Target/user_diskio.o
 .ARM.attributes
                0x000003c2       0x2d ./Middlewares/Third_Party/FatFs/src/ff_gen_drv.o
 .ARM.attributes
                0x000003ef       0x2d ./Middlewares/Third_Party/FreeRTOS/Source/CMSIS_RTOS/cmsis_os.o
 .ARM.attributes
                0x0000041c       0x2d ./Middlewares/Third_Party/FreeRTOS/Source/list.o
 .ARM.attributes
                0x00000449       0x2d ./Middlewares/Third_Party/FreeRTOS/Source/tasks.o
 .ARM.attributes
                0x00000476       0x2d ./Middlewares/Third_Party/FreeRTOS/Source/portable/GCC/ARM_CM3/port.o
 .ARM.attributes
                0x000004a3       0x2d ./Middlewares/Third_Party/FreeRTOS/Source/portable/MemMang/heap_4.o
 .ARM.attributes
                0x000004d0       0x2d D:/Progs/STM32CubeIDE_2.2.0/STM32CubeIDE/plugins/com.st.stm32cube.ide.mcu.externaltools.gnu-tools-for-stm32.14.3.rel1.win32_1.0.100.202602081740/tools/bin/../lib/gcc/arm-none-eabi/14.3.1/../../../../arm-none-eabi/lib/thumb/v7-m/nofp\libc_nano.a(libc_a-memset.o)
 .ARM.attributes
                0x000004fd       0x2d D:/Progs/STM32CubeIDE_2.2.0/STM32CubeIDE/plugins/com.st.stm32cube.ide.mcu.externaltools.gnu-tools-for-stm32.14.3.rel1.win32_1.0.100.202602081740/tools/bin/../lib/gcc/arm-none-eabi/14.3.1/../../../../arm-none-eabi/lib/thumb/v7-m/nofp\libc_nano.a(libc_a-init.o)
 .ARM.attributes
                0x0000052a       0x1d D:/Progs/STM32CubeIDE_2.2.0/STM32CubeIDE/plugins/com.st.stm32cube.ide.mcu.externaltools.gnu-tools-for-stm32.14.3.rel1.win32_1.0.100.202602081740/tools/bin/../lib/gcc/arm-none-eabi/14.3.1/thumb/v7-m/nofp\libgcc.a(_arm_addsubdf3.o)
 .ARM.attributes
                0x00000547       0x1d D:/Progs/STM32CubeIDE_2.2.0/STM32CubeIDE/plugins/com.st.stm32cube.ide.mcu.externaltools.gnu-tools-for-stm32.14.3.rel1.win32_1.0.100.202602081740/tools/bin/../lib/gcc/arm-none-eabi/14.3.1/thumb/v7-m/nofp\libgcc.a(_arm_cmpdf2.o)
 .ARM.attributes
                0x00000564       0x1d D:/Progs/STM32CubeIDE_2.2.0/STM32CubeIDE/plugins/com.st.stm32cube.ide.mcu.externaltools.gnu-tools-for-stm32.14.3.rel1.win32_1.0.100.202602081740/tools/bin/../lib/gcc/arm-none-eabi/14.3.1/thumb/v7-m/nofp\libgcc.a(_arm_truncdfsf2.o)
 .ARM.attributes
                0x00000581       0x1d D:/Progs/STM32CubeIDE_2.2.0/STM32CubeIDE/plugins/com.st.stm32cube.ide.mcu.externaltools.gnu-tools-for-stm32.14.3.rel1.win32_1.0.100.202602081740/tools/bin/../lib/gcc/arm-none-eabi/14.3.1/thumb/v7-m/nofp\libgcc.a(_arm_cmpsf2.o)
 .ARM.attributes
                0x0000059e       0x1d D:/Progs/STM32CubeIDE_2.2.0/STM32CubeIDE/plugins/com.st.stm32cube.ide.mcu.externaltools.gnu-tools-for-stm32.14.3.rel1.win32_1.0.100.202602081740/tools/bin/../lib/gcc/arm-none-eabi/14.3.1/thumb/v7-m/nofp/crtn.o
OUTPUT(ToolTable.elf elf32-littlearm)
LOAD linker stubs
LOAD D:/Progs/STM32CubeIDE_2.2.0/STM32CubeIDE/plugins/com.st.stm32cube.ide.mcu.externaltools.gnu-tools-for-stm32.14.3.rel1.win32_1.0.100.202602081740/tools/bin/../lib/gcc/arm-none-eabi/14.3.1/../../../../arm-none-eabi/lib/thumb/v7-m/nofp\libc.a
LOAD D:/Progs/STM32CubeIDE_2.2.0/STM32CubeIDE/plugins/com.st.stm32cube.ide.mcu.externaltools.gnu-tools-for-stm32.14.3.rel1.win32_1.0.100.202602081740/tools/bin/../lib/gcc/arm-none-eabi/14.3.1/../../../../arm-none-eabi/lib/thumb/v7-m/nofp\libm.a
LOAD D:/Progs/STM32CubeIDE_2.2.0/STM32CubeIDE/plugins/com.st.stm32cube.ide.mcu.externaltools.gnu-tools-for-stm32.14.3.rel1.win32_1.0.100.202602081740/tools/bin/../lib/gcc/arm-none-eabi/14.3.1/thumb/v7-m/nofp\libgcc.a

.debug_info     0x00000000    0x16e3b
 .debug_info    0x00000000      0x28b ./Core/Src/freertos.o
 .debug_info    0x0000028b     0x18c6 ./Core/Src/main.o
 .debug_info    0x00001b51     0x13b7 ./Core/Src/stm32f1xx_hal_msp.o
 .debug_info    0x00002f08      0x6a9 ./Core/Src/stm32f1xx_it.o
 .debug_info    0x000035b1      0x222 ./Core/Src/system_stm32f1xx.o
 .debug_info    0x000037d3       0x30 ./Core/Startup/startup_stm32f103rgtx.o
 .debug_info    0x00003803      0x3d8 ./Core/lib/DriverLib.o
 .debug_info    0x00003bdb      0x876 ./Core/lib/LCD2004.o
 .debug_info    0x00004451     0x108b ./Core/lib/SD.o
 .debug_info    0x000054dc      0x7ce ./Drivers/STM32F1xx_HAL_Driver/Src/stm32f1xx_hal.o
 .debug_info    0x00005caa      0xcce ./Drivers/STM32F1xx_HAL_Driver/Src/stm32f1xx_hal_cortex.o
 .debug_info    0x00006978      0x5ab ./Drivers/STM32F1xx_HAL_Driver/Src/stm32f1xx_hal_gpio.o
 .debug_info    0x00006f23     0x2515 ./Drivers/STM32F1xx_HAL_Driver/Src/stm32f1xx_hal_i2c.o
 .debug_info    0x00009438      0x83d ./Drivers/STM32F1xx_HAL_Driver/Src/stm32f1xx_hal_rcc.o
 .debug_info    0x00009c75     0x150f ./Drivers/STM32F1xx_HAL_Driver/Src/stm32f1xx_hal_spi.o
 .debug_info    0x0000b184     0x293b ./Drivers/STM32F1xx_HAL_Driver/Src/stm32f1xx_hal_tim.o
 .debug_info    0x0000dabf     0x149b ./Drivers/STM32F1xx_HAL_Driver/Src/stm32f1xx_hal_tim_ex.o
 .debug_info    0x0000ef5a     0x2fa8 ./Drivers/STM32F1xx_HAL_Driver/Src/stm32f1xx_hal_uart.o
 .debug_info    0x00011f02      0x500 ./FATFS/App/fatfs.o
 .debug_info    0x00012402      0x3ad ./FATFS/Target/user_diskio.o
 .debug_info    0x000127af      0x37a ./Middlewares/Third_Party/FatFs/src/ff_gen_drv.o
 .debug_info    0x00012b29     0x1b6d ./Middlewares/Third_Party/FreeRTOS/Source/CMSIS_RTOS/cmsis_os.o
 .debug_info    0x00014696      0x2aa ./Middlewares/Third_Party/FreeRTOS/Source/list.o
 .debug_info    0x00014940     0x1ca4 ./Middlewares/Third_Party/FreeRTOS/Source/tasks.o
 .debug_info    0x000165e4      0x494 ./Middlewares/Third_Party/FreeRTOS/Source/portable/GCC/ARM_CM3/port.o
 .debug_info    0x00016a78      0x3c3 ./Middlewares/Third_Party/FreeRTOS/Source/portable/MemMang/heap_4.o

.debug_abbrev   0x00000000     0x38a9
 .debug_abbrev  0x00000000       0xec ./Core/Src/freertos.o
 .debug_abbrev  0x000000ec      0x34a ./Core/Src/main.o
 .debug_abbrev  0x00000436      0x21f ./Core/Src/stm32f1xx_hal_msp.o
 .debug_abbrev  0x00000655      0x1b9 ./Core/Src/stm32f1xx_it.o
 .debug_abbrev  0x0000080e      0x13f ./Core/Src/system_stm32f1xx.o
 .debug_abbrev  0x0000094d       0x24 ./Core/Startup/startup_stm32f103rgtx.o
 .debug_abbrev  0x00000971      0x1c0 ./Core/lib/DriverLib.o
 .debug_abbrev  0x00000b31      0x232 ./Core/lib/LCD2004.o
 .debug_abbrev  0x00000d63      0x37f ./Core/lib/SD.o
 .debug_abbrev  0x000010e2      0x213 ./Drivers/STM32F1xx_HAL_Driver/Src/stm32f1xx_hal.o
 .debug_abbrev  0x000012f5      0x327 ./Drivers/STM32F1xx_HAL_Driver/Src/stm32f1xx_hal_cortex.o
 .debug_abbrev  0x0000161c      0x1ca ./Drivers/STM32F1xx_HAL_Driver/Src/stm32f1xx_hal_gpio.o
 .debug_abbrev  0x000017e6      0x2a3 ./Drivers/STM32F1xx_HAL_Driver/Src/stm32f1xx_hal_i2c.o
 .debug_abbrev  0x00001a89      0x2b2 ./Drivers/STM32F1xx_HAL_Driver/Src/stm32f1xx_hal_rcc.o
 .debug_abbrev  0x00001d3b      0x284 ./Drivers/STM32F1xx_HAL_Driver/Src/stm32f1xx_hal_spi.o
 .debug_abbrev  0x00001fbf      0x277 ./Drivers/STM32F1xx_HAL_Driver/Src/stm32f1xx_hal_tim.o
 .debug_abbrev  0x00002236      0x282 ./Drivers/STM32F1xx_HAL_Driver/Src/stm32f1xx_hal_tim_ex.o
 .debug_abbrev  0x000024b8      0x2f8 ./Drivers/STM32F1xx_HAL_Driver/Src/stm32f1xx_hal_uart.o
 .debug_abbrev  0x000027b0      0x1a8 ./FATFS/App/fatfs.o
 .debug_abbrev  0x00002958      0x153 ./FATFS/Target/user_diskio.o
 .debug_abbrev  0x00002aab      0x19f ./Middlewares/Third_Party/FatFs/src/ff_gen_drv.o
 .debug_abbrev  0x00002c4a      0x39e ./Middlewares/Third_Party/FreeRTOS/Source/CMSIS_RTOS/cmsis_os.o
 .debug_abbrev  0x00002fe8       0xf5 ./Middlewares/Third_Party/FreeRTOS/Source/list.o
 .debug_abbrev  0x000030dd      0x36f ./Middlewares/Third_Party/FreeRTOS/Source/tasks.o
 .debug_abbrev  0x0000344c      0x258 ./Middlewares/Third_Party/FreeRTOS/Source/portable/GCC/ARM_CM3/port.o
 .debug_abbrev  0x000036a4      0x205 ./Middlewares/Third_Party/FreeRTOS/Source/portable/MemMang/heap_4.o

.debug_aranges  0x00000000     0x16d8
 .debug_aranges
                0x00000000       0x28 ./Core/Src/freertos.o
 .debug_aranges
                0x00000028       0x88 ./Core/Src/main.o
 .debug_aranges
                0x000000b0       0x60 ./Core/Src/stm32f1xx_hal_msp.o
 .debug_aranges
                0x00000110       0x58 ./Core/Src/stm32f1xx_it.o
 .debug_aranges
                0x00000168       0x28 ./Core/Src/system_stm32f1xx.o
 .debug_aranges
                0x00000190       0x28 ./Core/Startup/startup_stm32f103rgtx.o
 .debug_aranges
                0x000001b8       0x38 ./Core/lib/DriverLib.o
 .debug_aranges
                0x000001f0       0x60 ./Core/lib/LCD2004.o
 .debug_aranges
                0x00000250       0xb8 ./Core/lib/SD.o
 .debug_aranges
                0x00000308       0xe0 ./Drivers/STM32F1xx_HAL_Driver/Src/stm32f1xx_hal.o
 .debug_aranges
                0x000003e8      0x118 ./Drivers/STM32F1xx_HAL_Driver/Src/stm32f1xx_hal_cortex.o
 .debug_aranges
                0x00000500       0x58 ./Drivers/STM32F1xx_HAL_Driver/Src/stm32f1xx_hal_gpio.o
 .debug_aranges
                0x00000558      0x2a8 ./Drivers/STM32F1xx_HAL_Driver/Src/stm32f1xx_hal_i2c.o
 .debug_aranges
                0x00000800       0x90 ./Drivers/STM32F1xx_HAL_Driver/Src/stm32f1xx_hal_rcc.o
 .debug_aranges
                0x00000890      0x1d0 ./Drivers/STM32F1xx_HAL_Driver/Src/stm32f1xx_hal_spi.o
 .debug_aranges
                0x00000a60      0x3d0 ./Drivers/STM32F1xx_HAL_Driver/Src/stm32f1xx_hal_tim.o
 .debug_aranges
                0x00000e30      0x168 ./Drivers/STM32F1xx_HAL_Driver/Src/stm32f1xx_hal_tim_ex.o
 .debug_aranges
                0x00000f98      0x208 ./Drivers/STM32F1xx_HAL_Driver/Src/stm32f1xx_hal_uart.o
 .debug_aranges
                0x000011a0       0x28 ./FATFS/App/fatfs.o
 .debug_aranges
                0x000011c8       0x40 ./FATFS/Target/user_diskio.o
 .debug_aranges
                0x00001208       0x40 ./Middlewares/Third_Party/FatFs/src/ff_gen_drv.o
 .debug_aranges
                0x00001248      0x1d8 ./Middlewares/Third_Party/FreeRTOS/Source/CMSIS_RTOS/cmsis_os.o
 .debug_aranges
                0x00001420       0x40 ./Middlewares/Third_Party/FreeRTOS/Source/list.o
 .debug_aranges
                0x00001460      0x1b0 ./Middlewares/Third_Party/FreeRTOS/Source/tasks.o
 .debug_aranges
                0x00001610       0x78 ./Middlewares/Third_Party/FreeRTOS/Source/portable/GCC/ARM_CM3/port.o
 .debug_aranges
                0x00001688       0x50 ./Middlewares/Third_Party/FreeRTOS/Source/portable/MemMang/heap_4.o

.debug_rnglists
                0x00000000     0x11ed
 .debug_rnglists
                0x00000000       0x19 ./Core/Src/freertos.o
 .debug_rnglists
                0x00000019       0x64 ./Core/Src/main.o
 .debug_rnglists
                0x0000007d       0x45 ./Core/Src/stm32f1xx_hal_msp.o
 .debug_rnglists
                0x000000c2       0x3d ./Core/Src/stm32f1xx_it.o
 .debug_rnglists
                0x000000ff       0x1a ./Core/Src/system_stm32f1xx.o
 .debug_rnglists
                0x00000119       0x19 ./Core/Startup/startup_stm32f103rgtx.o
 .debug_rnglists
                0x00000132       0x28 ./Core/lib/DriverLib.o
 .debug_rnglists
                0x0000015a       0x45 ./Core/lib/LCD2004.o
 .debug_rnglists
                0x0000019f       0x9c ./Core/lib/SD.o
 .debug_rnglists
                0x0000023b       0xa3 ./Drivers/STM32F1xx_HAL_Driver/Src/stm32f1xx_hal.o
 .debug_rnglists
                0x000002de       0xce ./Drivers/STM32F1xx_HAL_Driver/Src/stm32f1xx_hal_cortex.o
 .debug_rnglists
                0x000003ac       0x3f ./Drivers/STM32F1xx_HAL_Driver/Src/stm32f1xx_hal_gpio.o
 .debug_rnglists
                0x000003eb      0x23c ./Drivers/STM32F1xx_HAL_Driver/Src/stm32f1xx_hal_i2c.o
 .debug_rnglists
                0x00000627       0x6c ./Drivers/STM32F1xx_HAL_Driver/Src/stm32f1xx_hal_rcc.o
 .debug_rnglists
                0x00000693      0x16e ./Drivers/STM32F1xx_HAL_Driver/Src/stm32f1xx_hal_spi.o
 .debug_rnglists
                0x00000801      0x31a ./Drivers/STM32F1xx_HAL_Driver/Src/stm32f1xx_hal_tim.o
 .debug_rnglists
                0x00000b1b      0x125 ./Drivers/STM32F1xx_HAL_Driver/Src/stm32f1xx_hal_tim_ex.o
 .debug_rnglists
                0x00000c40      0x1bc ./Drivers/STM32F1xx_HAL_Driver/Src/stm32f1xx_hal_uart.o
 .debug_rnglists
                0x00000dfc       0x19 ./FATFS/App/fatfs.o
 .debug_rnglists
                0x00000e15       0x2b ./FATFS/Target/user_diskio.o
 .debug_rnglists
                0x00000e40       0x2c ./Middlewares/Third_Party/FatFs/src/ff_gen_drv.o
 .debug_rnglists
                0x00000e6c      0x16a ./Middlewares/Third_Party/FreeRTOS/Source/CMSIS_RTOS/cmsis_os.o
 .debug_rnglists
                0x00000fd6       0x2b ./Middlewares/Third_Party/FreeRTOS/Source/list.o
 .debug_rnglists
                0x00001001      0x15a ./Middlewares/Third_Party/FreeRTOS/Source/tasks.o
 .debug_rnglists
                0x0000115b       0x57 ./Middlewares/Third_Party/FreeRTOS/Source/portable/GCC/ARM_CM3/port.o
 .debug_rnglists
                0x000011b2       0x3b ./Middlewares/Third_Party/FreeRTOS/Source/portable/MemMang/heap_4.o

.debug_macro    0x00000000    0x1dd80
 .debug_macro   0x00000000      0x23f ./Core/Src/freertos.o
 .debug_macro   0x0000023f      0xacc ./Core/Src/freertos.o
 .debug_macro   0x00000d0b      0x190 ./Core/Src/freertos.o
 .debug_macro   0x00000e9b       0x22 ./Core/Src/freertos.o
 .debug_macro   0x00000ebd       0x8e ./Core/Src/freertos.o
 .debug_macro   0x00000f4b       0x51 ./Core/Src/freertos.o
 .debug_macro   0x00000f9c      0x103 ./Core/Src/freertos.o
 .debug_macro   0x0000109f       0x6a ./Core/Src/freertos.o
 .debug_macro   0x00001109      0x1df ./Core/Src/freertos.o
 .debug_macro   0x000012e8       0xe4 ./Core/Src/freertos.o
 .debug_macro   0x000013cc      0x15a ./Core/Src/freertos.o
 .debug_macro   0x00001526       0xd7 ./Core/Src/freertos.o
 .debug_macro   0x000015fd       0x10 ./Core/Src/freertos.o
 .debug_macro   0x0000160d       0x1f ./Core/Src/freertos.o
 .debug_macro   0x0000162c      0x4b7 ./Core/Src/freertos.o
 .debug_macro   0x00001ae3       0xb5 ./Core/Src/freertos.o
 .debug_macro   0x00001b98       0x8c ./Core/Src/freertos.o
 .debug_macro   0x00001c24      0x227 ./Core/Src/freertos.o
 .debug_macro   0x00001e4b       0x2e ./Core/Src/freertos.o
 .debug_macro   0x00001e79       0x22 ./Core/Src/freertos.o
 .debug_macro   0x00001e9b       0x1c ./Core/Src/freertos.o
 .debug_macro   0x00001eb7       0x22 ./Core/Src/freertos.o
 .debug_macro   0x00001ed9       0xbd ./Core/Src/freertos.o
 .debug_macro   0x00001f96      0xe49 ./Core/Src/freertos.o
 .debug_macro   0x00002ddf      0x11f ./Core/Src/freertos.o
 .debug_macro   0x00002efe    0x100e9 ./Core/Src/freertos.o
 .debug_macro   0x00012fe7       0x6d ./Core/Src/freertos.o
 .debug_macro   0x00013054     0x348d ./Core/Src/freertos.o
 .debug_macro   0x000164e1       0x5c ./Core/Src/freertos.o
 .debug_macro   0x0001653d      0x5bc ./Core/Src/freertos.o
 .debug_macro   0x00016af9      0x5c3 ./Core/Src/freertos.o
 .debug_macro   0x000170bc      0x1cb ./Core/Src/freertos.o
 .debug_macro   0x00017287      0x114 ./Core/Src/freertos.o
 .debug_macro   0x0001739b      0x230 ./Core/Src/freertos.o
 .debug_macro   0x000175cb       0x27 ./Core/Src/freertos.o
 .debug_macro   0x000175f2      0x144 ./Core/Src/freertos.o
 .debug_macro   0x00017736      0x1bc ./Core/Src/freertos.o
 .debug_macro   0x000178f2       0x30 ./Core/Src/freertos.o
 .debug_macro   0x00017922       0x3c ./Core/Src/freertos.o
 .debug_macro   0x0001795e      0x236 ./Core/Src/freertos.o
 .debug_macro   0x00017b94       0x87 ./Core/Src/freertos.o
 .debug_macro   0x00017c1b      0x2c5 ./Core/Src/freertos.o
 .debug_macro   0x00017ee0      0x287 ./Core/Src/freertos.o
 .debug_macro   0x00018167      0x140 ./Core/Src/freertos.o
 .debug_macro   0x000182a7      0x217 ./Core/Src/freertos.o
 .debug_macro   0x000184be      0x8ed ./Core/Src/freertos.o
 .debug_macro   0x00018dab      0x28e ./Core/Src/freertos.o
 .debug_macro   0x00019039      0x109 ./Core/Src/freertos.o
 .debug_macro   0x00019142      0x16c ./Core/Src/freertos.o
 .debug_macro   0x000192ae      0x425 ./Core/Src/main.o
 .debug_macro   0x000196d3       0xe4 ./Core/Src/main.o
 .debug_macro   0x000197b7       0x91 ./Core/Src/main.o
 .debug_macro   0x00019848       0x8d ./Core/Src/main.o
 .debug_macro   0x000198d5       0x7e ./Core/Src/main.o
 .debug_macro   0x00019953       0x19 ./Core/Src/main.o
 .debug_macro   0x0001996c       0xf2 ./Core/Src/main.o
 .debug_macro   0x00019a5e       0xd8 ./Core/Src/main.o
 .debug_macro   0x00019b36       0xf5 ./Core/Src/main.o
 .debug_macro   0x00019c2b       0x8e ./Core/Src/main.o
 .debug_macro   0x00019cb9       0x61 ./Core/Src/main.o
 .debug_macro   0x00019d1a       0x24 ./Core/Src/main.o
 .debug_macro   0x00019d3e       0x43 ./Core/Src/main.o
 .debug_macro   0x00019d81       0x34 ./Core/Src/main.o
 .debug_macro   0x00019db5       0x16 ./Core/Src/main.o
 .debug_macro   0x00019dcb       0x3c ./Core/Src/main.o
 .debug_macro   0x00019e07      0x364 ./Core/Src/main.o
 .debug_macro   0x0001a16b       0x10 ./Core/Src/main.o
 .debug_macro   0x0001a17b       0x16 ./Core/Src/main.o
 .debug_macro   0x0001a191       0x4a ./Core/Src/main.o
 .debug_macro   0x0001a1db       0x34 ./Core/Src/main.o
 .debug_macro   0x0001a20f       0x10 ./Core/Src/main.o
 .debug_macro   0x0001a21f       0x58 ./Core/Src/main.o
 .debug_macro   0x0001a277       0x8e ./Core/Src/main.o
 .debug_macro   0x0001a305       0x1c ./Core/Src/main.o
 .debug_macro   0x0001a321      0x17e ./Core/Src/main.o
 .debug_macro   0x0001a49f       0x16 ./Core/Src/main.o
 .debug_macro   0x0001a4b5       0x16 ./Core/Src/main.o
 .debug_macro   0x0001a4cb      0x146 ./Core/Src/main.o
 .debug_macro   0x0001a611       0x22 ./Core/Src/main.o
 .debug_macro   0x0001a633       0x22 ./Core/Src/main.o
 .debug_macro   0x0001a655       0x52 ./Core/Src/main.o
 .debug_macro   0x0001a6a7       0x16 ./Core/Src/main.o
 .debug_macro   0x0001a6bd       0x16 ./Core/Src/main.o
 .debug_macro   0x0001a6d3       0x29 ./Core/Src/main.o
 .debug_macro   0x0001a6fc       0x70 ./Core/Src/main.o
 .debug_macro   0x0001a76c      0x1d7 ./Core/Src/stm32f1xx_hal_msp.o
 .debug_macro   0x0001a943      0x249 ./Core/Src/stm32f1xx_it.o
 .debug_macro   0x0001ab8c      0x1c8 ./Core/Src/system_stm32f1xx.o
 .debug_macro   0x0001ad54      0x1d7 ./Core/lib/DriverLib.o
 .debug_macro   0x0001af2b       0x4c ./Core/lib/DriverLib.o
 .debug_macro   0x0001af77      0x1e0 ./Core/lib/LCD2004.o
 .debug_macro   0x0001b157      0x414 ./Core/lib/SD.o
 .debug_macro   0x0001b56b       0x16 ./Core/lib/SD.o
 .debug_macro   0x0001b581       0x7c ./Core/lib/SD.o
 .debug_macro   0x0001b5fd      0x172 ./Core/lib/SD.o
 .debug_macro   0x0001b76f       0xee ./Core/lib/SD.o
 .debug_macro   0x0001b85d      0x1ec ./Drivers/STM32F1xx_HAL_Driver/Src/stm32f1xx_hal.o
 .debug_macro   0x0001ba49      0x1c8 ./Drivers/STM32F1xx_HAL_Driver/Src/stm32f1xx_hal_cortex.o
 .debug_macro   0x0001bc11      0x233 ./Drivers/STM32F1xx_HAL_Driver/Src/stm32f1xx_hal_gpio.o
 .debug_macro   0x0001be44      0x216 ./Drivers/STM32F1xx_HAL_Driver/Src/stm32f1xx_hal_i2c.o
 .debug_macro   0x0001c05a      0x1da ./Drivers/STM32F1xx_HAL_Driver/Src/stm32f1xx_hal_rcc.o
 .debug_macro   0x0001c234      0x1d0 ./Drivers/STM32F1xx_HAL_Driver/Src/stm32f1xx_hal_spi.o
 .debug_macro   0x0001c404      0x1c9 ./Drivers/STM32F1xx_HAL_Driver/Src/stm32f1xx_hal_tim.o
 .debug_macro   0x0001c5cd      0x1c8 ./Drivers/STM32F1xx_HAL_Driver/Src/stm32f1xx_hal_tim_ex.o
 .debug_macro   0x0001c795      0x1c9 ./Drivers/STM32F1xx_HAL_Driver/Src/stm32f1xx_hal_uart.o
 .debug_macro   0x0001c95e      0x2dd ./FATFS/App/fatfs.o
 .debug_macro   0x0001cc3b      0x429 ./FATFS/Target/user_diskio.o
 .debug_macro   0x0001d064       0x56 ./FATFS/Target/user_diskio.o
 .debug_macro   0x0001d0ba       0x1c ./FATFS/Target/user_diskio.o
 .debug_macro   0x0001d0d6      0x2ca ./Middlewares/Third_Party/FatFs/src/ff_gen_drv.o
 .debug_macro   0x0001d3a0      0x1fe ./Middlewares/Third_Party/FreeRTOS/Source/CMSIS_RTOS/cmsis_os.o
 .debug_macro   0x0001d59e       0xab ./Middlewares/Third_Party/FreeRTOS/Source/CMSIS_RTOS/cmsis_os.o
 .debug_macro   0x0001d649      0x187 ./Middlewares/Third_Party/FreeRTOS/Source/list.o
 .debug_macro   0x0001d7d0      0x280 ./Middlewares/Third_Party/FreeRTOS/Source/tasks.o
 .debug_macro   0x0001da50       0x10 ./Middlewares/Third_Party/FreeRTOS/Source/tasks.o
 .debug_macro   0x0001da60      0x172 ./Middlewares/Third_Party/FreeRTOS/Source/portable/GCC/ARM_CM3/port.o
 .debug_macro   0x0001dbd2      0x1ae ./Middlewares/Third_Party/FreeRTOS/Source/portable/MemMang/heap_4.o

.debug_line     0x00000000    0x1b7d7
 .debug_line    0x00000000      0x85c ./Core/Src/freertos.o
 .debug_line    0x0000085c      0xdfa ./Core/Src/main.o
 .debug_line    0x00001656      0x876 ./Core/Src/stm32f1xx_hal_msp.o
 .debug_line    0x00001ecc      0x8f9 ./Core/Src/stm32f1xx_it.o
 .debug_line    0x000027c5      0x7c8 ./Core/Src/system_stm32f1xx.o
 .debug_line    0x00002f8d       0x78 ./Core/Startup/startup_stm32f103rgtx.o
 .debug_line    0x00003005      0x8bb ./Core/lib/DriverLib.o
 .debug_line    0x000038c0      0x8df ./Core/lib/LCD2004.o
 .debug_line    0x0000419f     0x1285 ./Core/lib/SD.o
 .debug_line    0x00005424      0x9fc ./Drivers/STM32F1xx_HAL_Driver/Src/stm32f1xx_hal.o
 .debug_line    0x00005e20      0xcc6 ./Drivers/STM32F1xx_HAL_Driver/Src/stm32f1xx_hal_cortex.o
 .debug_line    0x00006ae6      0xa7b ./Drivers/STM32F1xx_HAL_Driver/Src/stm32f1xx_hal_gpio.o
 .debug_line    0x00007561     0x3bc6 ./Drivers/STM32F1xx_HAL_Driver/Src/stm32f1xx_hal_i2c.o
 .debug_line    0x0000b127      0xeb2 ./Drivers/STM32F1xx_HAL_Driver/Src/stm32f1xx_hal_rcc.o
 .debug_line    0x0000bfd9     0x1cee ./Drivers/STM32F1xx_HAL_Driver/Src/stm32f1xx_hal_spi.o
 .debug_line    0x0000dcc7     0x37a2 ./Drivers/STM32F1xx_HAL_Driver/Src/stm32f1xx_hal_tim.o
 .debug_line    0x00011469     0x1997 ./Drivers/STM32F1xx_HAL_Driver/Src/stm32f1xx_hal_tim_ex.o
 .debug_line    0x00012e00     0x2557 ./Drivers/STM32F1xx_HAL_Driver/Src/stm32f1xx_hal_uart.o
 .debug_line    0x00015357      0x964 ./FATFS/App/fatfs.o
 .debug_line    0x00015cbb      0xb73 ./FATFS/Target/user_diskio.o
 .debug_line    0x0001682e      0x9ee ./Middlewares/Third_Party/FatFs/src/ff_gen_drv.o
 .debug_line    0x0001721c     0x1328 ./Middlewares/Third_Party/FreeRTOS/Source/CMSIS_RTOS/cmsis_os.o
 .debug_line    0x00018544      0x79f ./Middlewares/Third_Party/FreeRTOS/Source/list.o
 .debug_line    0x00018ce3     0x19d9 ./Middlewares/Third_Party/FreeRTOS/Source/tasks.o
 .debug_line    0x0001a6bc      0x7cb ./Middlewares/Third_Party/FreeRTOS/Source/portable/GCC/ARM_CM3/port.o
 .debug_line    0x0001ae87      0x950 ./Middlewares/Third_Party/FreeRTOS/Source/portable/MemMang/heap_4.o

.debug_str      0x00000000    0xab5bb
 .debug_str     0x00000000    0xab5bb ./Core/Src/freertos.o
                              0x9da77 (size before relaxing)
 .debug_str     0x000ab5bb    0xa4fa4 ./Core/Src/main.o
 .debug_str     0x000ab5bb    0x9af7d ./Core/Src/stm32f1xx_hal_msp.o
 .debug_str     0x000ab5bb    0x9dec3 ./Core/Src/stm32f1xx_it.o
 .debug_str     0x000ab5bb    0x9999c ./Core/Src/system_stm32f1xx.o
 .debug_str     0x000ab5bb       0x66 ./Core/Startup/startup_stm32f103rgtx.o
 .debug_str     0x000ab5bb    0x99b57 ./Core/lib/DriverLib.o
 .debug_str     0x000ab5bb    0x99f4f ./Core/lib/LCD2004.o
 .debug_str     0x000ab5bb    0xa4483 ./Core/lib/SD.o
 .debug_str     0x000ab5bb    0x9a1f0 ./Drivers/STM32F1xx_HAL_Driver/Src/stm32f1xx_hal.o
 .debug_str     0x000ab5bb    0x9a255 ./Drivers/STM32F1xx_HAL_Driver/Src/stm32f1xx_hal_cortex.o
 .debug_str     0x000ab5bb    0x99d22 ./Drivers/STM32F1xx_HAL_Driver/Src/stm32f1xx_hal_gpio.o
 .debug_str     0x000ab5bb    0x9aa63 ./Drivers/STM32F1xx_HAL_Driver/Src/stm32f1xx_hal_i2c.o
 .debug_str     0x000ab5bb    0x99de5 ./Drivers/STM32F1xx_HAL_Driver/Src/stm32f1xx_hal_rcc.o
 .debug_str     0x000ab5bb    0x9a2ce ./Drivers/STM32F1xx_HAL_Driver/Src/stm32f1xx_hal_spi.o
 .debug_str     0x000ab5bb    0x9adbd ./Drivers/STM32F1xx_HAL_Driver/Src/stm32f1xx_hal_tim.o
 .debug_str     0x000ab5bb    0x9a5d9 ./Drivers/STM32F1xx_HAL_Driver/Src/stm32f1xx_hal_tim_ex.o
 .debug_str     0x000ab5bb    0x9a43c ./Drivers/STM32F1xx_HAL_Driver/Src/stm32f1xx_hal_uart.o
 .debug_str     0x000ab5bb    0xa042c ./FATFS/App/fatfs.o
 .debug_str     0x000ab5bb    0xa3d17 ./FATFS/Target/user_diskio.o
 .debug_str     0x000ab5bb    0xa0376 ./Middlewares/Third_Party/FatFs/src/ff_gen_drv.o
 .debug_str     0x000ab5bb     0xe253 ./Middlewares/Third_Party/FreeRTOS/Source/CMSIS_RTOS/cmsis_os.o
 .debug_str     0x000ab5bb     0xa855 ./Middlewares/Third_Party/FreeRTOS/Source/list.o
 .debug_str     0x000ab5bb     0xcb9b ./Middlewares/Third_Party/FreeRTOS/Source/tasks.o
 .debug_str     0x000ab5bb     0x82a1 ./Middlewares/Third_Party/FreeRTOS/Source/portable/GCC/ARM_CM3/port.o
 .debug_str     0x000ab5bb     0xafa2 ./Middlewares/Third_Party/FreeRTOS/Source/portable/MemMang/heap_4.o

.comment        0x00000000       0x43
 .comment       0x00000000       0x43 ./Core/Src/freertos.o
                                 0x44 (size before relaxing)
 .comment       0x00000043       0x44 ./Core/Src/main.o
 .comment       0x00000043       0x44 ./Core/Src/stm32f1xx_hal_msp.o
 .comment       0x00000043       0x44 ./Core/Src/stm32f1xx_it.o
 .comment       0x00000043       0x44 ./Core/Src/system_stm32f1xx.o
 .comment       0x00000043       0x44 ./Core/lib/DriverLib.o
 .comment       0x00000043       0x44 ./Core/lib/LCD2004.o
 .comment       0x00000043       0x44 ./Core/lib/SD.o
 .comment       0x00000043       0x44 ./Drivers/STM32F1xx_HAL_Driver/Src/stm32f1xx_hal.o
 .comment       0x00000043       0x44 ./Drivers/STM32F1xx_HAL_Driver/Src/stm32f1xx_hal_cortex.o
 .comment       0x00000043       0x44 ./Drivers/STM32F1xx_HAL_Driver/Src/stm32f1xx_hal_gpio.o
 .comment       0x00000043       0x44 ./Drivers/STM32F1xx_HAL_Driver/Src/stm32f1xx_hal_i2c.o
 .comment       0x00000043       0x44 ./Drivers/STM32F1xx_HAL_Driver/Src/stm32f1xx_hal_rcc.o
 .comment       0x00000043       0x44 ./Drivers/STM32F1xx_HAL_Driver/Src/stm32f1xx_hal_spi.o
 .comment       0x00000043       0x44 ./Drivers/STM32F1xx_HAL_Driver/Src/stm32f1xx_hal_tim.o
 .comment       0x00000043       0x44 ./Drivers/STM32F1xx_HAL_Driver/Src/stm32f1xx_hal_tim_ex.o
 .comment       0x00000043       0x44 ./Drivers/STM32F1xx_HAL_Driver/Src/stm32f1xx_hal_uart.o
 .comment       0x00000043       0x44 ./FATFS/App/fatfs.o
 .comment       0x00000043       0x44 ./FATFS/Target/user_diskio.o
 .comment       0x00000043       0x44 ./Middlewares/Third_Party/FatFs/src/ff_gen_drv.o
 .comment       0x00000043       0x44 ./Middlewares/Third_Party/FreeRTOS/Source/CMSIS_RTOS/cmsis_os.o
 .comment       0x00000043       0x44 ./Middlewares/Third_Party/FreeRTOS/Source/list.o
 .comment       0x00000043       0x44 ./Middlewares/Third_Party/FreeRTOS/Source/tasks.o
 .comment       0x00000043       0x44 ./Middlewares/Third_Party/FreeRTOS/Source/portable/GCC/ARM_CM3/port.o
 .comment       0x00000043       0x44 ./Middlewares/Third_Party/FreeRTOS/Source/portable/MemMang/heap_4.o

.debug_frame    0x00000000     0x5de8
 .debug_frame   0x00000000       0x50 ./Core/Src/freertos.o
 .debug_frame   0x00000050      0x1c8 ./Core/Src/main.o
 .debug_frame   0x00000218      0x154 ./Core/Src/stm32f1xx_hal_msp.o
 .debug_frame   0x0000036c       0xdc ./Core/Src/stm32f1xx_it.o
 .debug_frame   0x00000448       0x50 ./Core/Src/system_stm32f1xx.o
 .debug_frame   0x00000498       0xa0 ./Core/lib/DriverLib.o
 .debug_frame   0x00000538      0x150 ./Core/lib/LCD2004.o
 .debug_frame   0x00000688      0x2c8 ./Core/lib/SD.o
 .debug_frame   0x00000950      0x2e4 ./Drivers/STM32F1xx_HAL_Driver/Src/stm32f1xx_hal.o
 .debug_frame   0x00000c34      0x454 ./Drivers/STM32F1xx_HAL_Driver/Src/stm32f1xx_hal_cortex.o
 .debug_frame   0x00001088      0x130 ./Drivers/STM32F1xx_HAL_Driver/Src/stm32f1xx_hal_gpio.o
 .debug_frame   0x000011b8      0xbf4 ./Drivers/STM32F1xx_HAL_Driver/Src/stm32f1xx_hal_i2c.o
 .debug_frame   0x00001dac      0x1f8 ./Drivers/STM32F1xx_HAL_Driver/Src/stm32f1xx_hal_rcc.o
 .debug_frame   0x00001fa4      0x7dc ./Drivers/STM32F1xx_HAL_Driver/Src/stm32f1xx_hal_spi.o
 .debug_frame   0x00002780     0x10f4 ./Drivers/STM32F1xx_HAL_Driver/Src/stm32f1xx_hal_tim.o
 .debug_frame   0x00003874      0x600 ./Drivers/STM32F1xx_HAL_Driver/Src/stm32f1xx_hal_tim_ex.o
 .debug_frame   0x00003e74      0x8dc ./Drivers/STM32F1xx_HAL_Driver/Src/stm32f1xx_hal_uart.o
 .debug_frame   0x00004750       0x48 ./FATFS/App/fatfs.o
 .debug_frame   0x00004798       0xc4 ./FATFS/Target/user_diskio.o
 .debug_frame   0x0000485c       0xbc ./Middlewares/Third_Party/FatFs/src/ff_gen_drv.o
 .debug_frame   0x00004918      0x7d0 ./Middlewares/Third_Party/FreeRTOS/Source/CMSIS_RTOS/cmsis_os.o
 .debug_frame   0x000050e8       0xc4 ./Middlewares/Third_Party/FreeRTOS/Source/list.o
 .debug_frame   0x000051ac      0x724 ./Middlewares/Third_Party/FreeRTOS/Source/tasks.o
 .debug_frame   0x000058d0      0x17c ./Middlewares/Third_Party/FreeRTOS/Source/portable/GCC/ARM_CM3/port.o
 .debug_frame   0x00005a4c       0xf4 ./Middlewares/Third_Party/FreeRTOS/Source/portable/MemMang/heap_4.o
 .debug_frame   0x00005b40       0x20 D:/Progs/STM32CubeIDE_2.2.0/STM32CubeIDE/plugins/com.st.stm32cube.ide.mcu.externaltools.gnu-tools-for-stm32.14.3.rel1.win32_1.0.100.202602081740/tools/bin/../lib/gcc/arm-none-eabi/14.3.1/../../../../arm-none-eabi/lib/thumb/v7-m/nofp\libc_nano.a(libc_a-memset.o)
 .debug_frame   0x00005b60       0x2c D:/Progs/STM32CubeIDE_2.2.0/STM32CubeIDE/plugins/com.st.stm32cube.ide.mcu.externaltools.gnu-tools-for-stm32.14.3.rel1.win32_1.0.100.202602081740/tools/bin/../lib/gcc/arm-none-eabi/14.3.1/../../../../arm-none-eabi/lib/thumb/v7-m/nofp\libc_nano.a(libc_a-init.o)
 .debug_frame   0x00005b8c       0xac D:/Progs/STM32CubeIDE_2.2.0/STM32CubeIDE/plugins/com.st.stm32cube.ide.mcu.externaltools.gnu-tools-for-stm32.14.3.rel1.win32_1.0.100.202602081740/tools/bin/../lib/gcc/arm-none-eabi/14.3.1/thumb/v7-m/nofp\libgcc.a(_arm_addsubdf3.o)
 .debug_frame   0x00005c38       0xc4 D:/Progs/STM32CubeIDE_2.2.0/STM32CubeIDE/plugins/com.st.stm32cube.ide.mcu.externaltools.gnu-tools-for-stm32.14.3.rel1.win32_1.0.100.202602081740/tools/bin/../lib/gcc/arm-none-eabi/14.3.1/thumb/v7-m/nofp\libgcc.a(_arm_cmpdf2.o)
 .debug_frame   0x00005cfc       0x24 D:/Progs/STM32CubeIDE_2.2.0/STM32CubeIDE/plugins/com.st.stm32cube.ide.mcu.externaltools.gnu-tools-for-stm32.14.3.rel1.win32_1.0.100.202602081740/tools/bin/../lib/gcc/arm-none-eabi/14.3.1/thumb/v7-m/nofp\libgcc.a(_arm_truncdfsf2.o)
 .debug_frame   0x00005d20       0xc8 D:/Progs/STM32CubeIDE_2.2.0/STM32CubeIDE/plugins/com.st.stm32cube.ide.mcu.externaltools.gnu-tools-for-stm32.14.3.rel1.win32_1.0.100.202602081740/tools/bin/../lib/gcc/arm-none-eabi/14.3.1/thumb/v7-m/nofp\libgcc.a(_arm_cmpsf2.o)

.debug_line_str
                0x00000000       0x4a
 .debug_line_str
                0x00000000       0x4a ./Core/Startup/startup_stm32f103rgtx.o
