../Core/lib/machine.c:23:6:MachineSetProgramLimit	24	static
../Core/lib/machine.c:28:6:ModuleCountCurvEN	16	static
../Core/lib/machine.c:33:6:ModuleCountCurvTgl	16	static
../Core/lib/machine.c:37:6:ModuleDriverDirection	16	static
../Core/lib/machine.c:42:6:ModuleDriverEnable	16	static
../Core/lib/machine.c:47:6:Machine_SW_Set	16	static
../Core/lib/machine.c:51:6:MachineCoordSet	16	static
../Core/lib/machine.c:54:6:MachineRelativeSet	16	static
../Core/lib/machine.c:57:6:MachineLaserState	16	static
../Core/lib/machine.c:62:6:GlbtimDelay	24	static
../Core/lib/machine.c:66:6:Machine_Start_MainCounter	8	static
../Core/lib/machine.c:69:6:Machine_Stop_MainCounter	8	static
../Core/lib/machine.c:72:6:Machine_Start_SupCounter	8	static
../Core/lib/machine.c:75:6:Machine_Stop_SupCounter	8	static
../Core/lib/machine.c:83:6:HAL_TIM_PeriodElapsedCallback	32	static
../Core/lib/machine.c:130:6:HAL_GPIO_EXTI_Callback	24	static
