../Core/lib/SD.c:33:13:SELECT	8	static
../Core/lib/SD.c:39:13:DESELECT	8	static
../Core/lib/SD.c:45:13:SPI_TxByte	16	static
../Core/lib/SD.c:52:16:SPI_RxByte	24	static
../Core/lib/SD.c:65:13:SPI_RxBytePtr	16	static
../Core/lib/SD.c:71:16:SD_ReadyWait	16	static
../Core/lib/SD.c:89:13:SD_PowerOn	32	static
../Core/lib/SD.c:132:13:SD_PowerOff	4	static
../Core/lib/SD.c:138:16:SD_CheckPower	4	static
../Core/lib/SD.c:145:13:SD_RxDataBlock	24	static
../Core/lib/SD.c:176:13:SD_TxDataBlock	24	static
../Core/lib/SD.c:227:13:SD_SendCmd	24	static
../Core/lib/SD.c:273:9:SD_disk_initialize	32	static
../Core/lib/SD.c:376:9:SD_disk_status	16	static
../Core/lib/SD.c:385:9:SD_disk_read	24	static
../Core/lib/SD.c:429:9:SD_disk_write	24	static
../Core/lib/SD.c:484:9:SD_disk_ioctl	56	static
../Core/lib/SD.c:595:7:SD_read_line	48	static
../Core/lib/SD.c:642:9:SD_Mount	16	static
../Core/lib/SD.c:645:9:SD_DeMount	16	static
