../Core/Src/Laser.c:49:6:MachineSetProgramLimit	24	static
../Core/Src/Laser.c:54:6:LaserCountCurvEN	16	static
../Core/Src/Laser.c:59:6:LaserCountCurvTgl	16	static
../Core/Src/Laser.c:63:6:LaserDriverDirection	16	static
../Core/Src/Laser.c:68:6:LaserDriverEnable	16	static
../Core/Src/Laser.c:75:7:LaserInit	16	static
../Core/Src/Laser.c:165:6:LaserLoop	32	static
../Core/Src/Laser.c:221:6:MachineCoordSet	16	static
../Core/Src/Laser.c:224:6:MachineRelativeSet	16	static
../Core/Src/Laser.c:228:6:SetFeedRate	16	static
../Core/Src/Laser.c:237:6:StepMoves	32	static
../Core/Src/Laser.c:292:6:ContMoves	24	static
../Core/Src/Laser.c:303:6:PointMoves	40	static
../Core/Src/Laser.c:400:7:GoHome	8	static
../Core/Src/Laser.c:448:6:LaserSW_Set	16	static
../Core/Src/Laser.c:457:6:GlbtimDelay	24	static
../Core/Src/Laser.c:466:6:HAL_TIM_PeriodElapsedCallback	32	static
../Core/Src/Laser.c:517:6:HAL_GPIO_EXTI_Callback	24	static
../Core/Src/Laser.c:553:6:HAL_UART_RxCpltCallback	16	static
