../Core/Src/Laser.c:35:6:LaserCountCurvEN	16	static
../Core/Src/Laser.c:40:6:LaserCountCurvTgl	16	static
../Core/Src/Laser.c:44:6:LaserDriverDirection	16	static
../Core/Src/Laser.c:49:6:LaserDriverEnable	16	static
../Core/Src/Laser.c:56:7:LaserInit	8	static
../Core/Src/Laser.c:109:6:LaserLoop	32	static
../Core/Src/Laser.c:165:6:StepMoves	32	static
../Core/Src/Laser.c:209:6:ContMoves	24	static
../Core/Src/Laser.c:219:6:PointMoves	24	static
../Core/Src/Laser.c:229:7:GoHome	8	static
../Core/Src/Laser.c:264:6:LaserSW_Set	16	static
../Core/Src/Laser.c:273:6:GlbtimDelay	24	static
../Core/Src/Laser.c:282:6:HAL_TIM_PeriodElapsedCallback	24	static
../Core/Src/Laser.c:317:6:HAL_GPIO_EXTI_Callback	24	static
../Core/Src/Laser.c:353:6:HAL_UART_RxCpltCallback	16	static
