../Core/Src/main.c:117:5:main	1
../Core/Src/main.c:234:6:SystemClock_Config	3
../Core/Src/main.c:274:13:MX_I2C1_Init	2
../Core/Src/main.c:308:13:MX_SPI1_Init	2
../Core/Src/main.c:346:13:MX_TIM14_Init	2
../Core/Src/main.c:377:13:MX_USART1_UART_Init	2
../Core/Src/main.c:410:13:MX_GPIO_Init	1
../Core/Src/main.c:514:6:HAL_TIM_PeriodElapsedCallback	2
../Core/Src/main.c:525:6:vApplicationIdleHook	1
../Core/Src/main.c:540:6:TASK_default	1
../Core/Src/main.c:571:6:TASK_table	1
../Core/Src/main.c:606:6:TASK_display	1
../Core/Src/main.c:640:6:TASK_control	1
../Core/Src/main.c:672:6:Error_Handler	1
