../Core/Src/main.c:93:9:Scan_AS5600_I2C	24	static
../Core/Src/main.c:109:19:AS5600_WriteReg	32	static
../Core/Src/main.c:114:19:AS5600_ReadReg	40	static
../Core/Src/main.c:119:19:AS5600_ReadRawValue	24	static
../Core/Src/main.c:148:5:main	8	static
../Core/Src/main.c:269:6:SystemClock_Config	96	static
../Core/Src/main.c:316:13:MX_ADC1_Init	24	static
../Core/Src/main.c:368:13:MX_I2C1_Init	8	static
../Core/Src/main.c:402:13:MX_I2C2_Init	8	static
../Core/Src/main.c:436:13:MX_SPI1_Init	8	static
../Core/Src/main.c:474:13:MX_TIM5_Init	32	static
../Core/Src/main.c:519:13:MX_TIM6_Init	16	static
../Core/Src/main.c:557:13:MX_TIM7_Init	16	static
../Core/Src/main.c:595:13:MX_TIM8_Init	32	static
../Core/Src/main.c:641:13:MX_USART1_UART_Init	8	static
../Core/Src/main.c:674:13:MX_GPIO_Init	40	static
../Core/Src/main.c:756:6:HAL_ADC_ConvCpltCallback	16	static
../Core/Src/main.c:785:6:Error_Handler	4	static,ignoring_inline_asm
