../Core/Src/SD.c:29:13:SELECT	8	static
../Core/Src/SD.c:35:13:DESELECT	8	static
../Core/Src/SD.c:41:13:SPI_TxByte	16	static
../Core/Src/SD.c:48:16:SPI_RxByte	24	static
../Core/Src/SD.c:61:13:SPI_RxBytePtr	16	static
../Core/Src/SD.c:67:16:SD_ReadyWait	16	static
../Core/Src/SD.c:85:13:SD_PowerOn	32	static
../Core/Src/SD.c:128:13:SD_PowerOff	4	static
../Core/Src/SD.c:134:16:SD_CheckPower	4	static
../Core/Src/SD.c:141:13:SD_RxDataBlock	24	static
../Core/Src/SD.c:172:13:SD_TxDataBlock	24	static
../Core/Src/SD.c:223:13:SD_SendCmd	24	static
../Core/Src/SD.c:269:9:SD_disk_initialize	32	static
../Core/Src/SD.c:372:9:SD_disk_status	16	static
../Core/Src/SD.c:381:9:SD_disk_read	24	static
../Core/Src/SD.c:425:9:SD_disk_write	24	static
../Core/Src/SD.c:480:9:SD_disk_ioctl	56	static
../Core/Src/SD.c:591:7:SD_read_line	48	static
