../Core/Src/stm32f1xx_it.c:73:6:NMI_Handler	4	static
../Core/Src/stm32f1xx_it.c:88:6:HardFault_Handler	4	static
../Core/Src/stm32f1xx_it.c:103:6:MemManage_Handler	4	static
../Core/Src/stm32f1xx_it.c:118:6:BusFault_Handler	4	static
../Core/Src/stm32f1xx_it.c:133:6:UsageFault_Handler	4	static
../Core/Src/stm32f1xx_it.c:148:6:SVC_Handler	4	static
../Core/Src/stm32f1xx_it.c:161:6:DebugMon_Handler	4	static
../Core/Src/stm32f1xx_it.c:174:6:PendSV_Handler	4	static
../Core/Src/stm32f1xx_it.c:187:6:SysTick_Handler	8	static
../Core/Src/stm32f1xx_it.c:208:6:ADC1_2_IRQHandler	8	static
../Core/Src/stm32f1xx_it.c:222:6:EXTI9_5_IRQHandler	8	static
../Core/Src/stm32f1xx_it.c:239:6:USART1_IRQHandler	8	static
../Core/Src/stm32f1xx_it.c:253:6:TIM8_BRK_IRQHandler	8	static
../Core/Src/stm32f1xx_it.c:267:6:TIM8_UP_IRQHandler	8	static
../Core/Src/stm32f1xx_it.c:281:6:TIM8_TRG_COM_IRQHandler	8	static
../Core/Src/stm32f1xx_it.c:295:6:TIM8_CC_IRQHandler	8	static
../Core/Src/stm32f1xx_it.c:309:6:TIM6_IRQHandler	8	static
../Core/Src/stm32f1xx_it.c:323:6:TIM7_IRQHandler	8	static
